Archive member included because of file (symbol)

/opt/altera/13.0sp1/nios2eds/bin/gnu/H-i686-pc-linux-gnu/bin/../lib/gcc/nios2-elf/4.1.2/../../../../nios2-elf/lib/mno-hw-mul/libc.a(lib_a-impure.o)
                              obj/default/TwoTasks.o (_impure_ptr)
/opt/altera/13.0sp1/nios2eds/bin/gnu/H-i686-pc-linux-gnu/bin/../lib/gcc/nios2-elf/4.1.2/../../../../nios2-elf/lib/mno-hw-mul/libc.a(lib_a-memcpy.o)
                              obj/default/TwoTasks.o (memcpy)
/opt/altera/13.0sp1/nios2eds/bin/gnu/H-i686-pc-linux-gnu/bin/../lib/gcc/nios2-elf/4.1.2/../../../../nios2-elf/lib/mno-hw-mul/libc.a(lib_a-printf.o)
                              obj/default/TwoTasks.o (printf)
/opt/altera/13.0sp1/nios2eds/bin/gnu/H-i686-pc-linux-gnu/bin/../lib/gcc/nios2-elf/4.1.2/../../../../nios2-elf/lib/mno-hw-mul/libc.a(lib_a-putc.o)
                              obj/default/TwoTasks.o (putc)
/opt/altera/13.0sp1/nios2eds/bin/gnu/H-i686-pc-linux-gnu/bin/../lib/gcc/nios2-elf/4.1.2/../../../../nios2-elf/lib/mno-hw-mul/libc.a(lib_a-puts.o)
                              obj/default/TwoTasks.o (puts)
/opt/altera/13.0sp1/nios2eds/bin/gnu/H-i686-pc-linux-gnu/bin/../lib/gcc/nios2-elf/4.1.2/../../../../nios2-elf/lib/mno-hw-mul/libc.a(lib_a-strlen.o)
                              obj/default/TwoTasks.o (strlen)
/opt/altera/13.0sp1/nios2eds/bin/gnu/H-i686-pc-linux-gnu/bin/../lib/gcc/nios2-elf/4.1.2/../../../../nios2-elf/lib/mno-hw-mul/libc.a(lib_a-vfprintf.o)
                              /opt/altera/13.0sp1/nios2eds/bin/gnu/H-i686-pc-linux-gnu/bin/../lib/gcc/nios2-elf/4.1.2/../../../../nios2-elf/lib/mno-hw-mul/libc.a(lib_a-printf.o) (___vfprintf_internal_r)
/opt/altera/13.0sp1/nios2eds/bin/gnu/H-i686-pc-linux-gnu/bin/../lib/gcc/nios2-elf/4.1.2/../../../../nios2-elf/lib/mno-hw-mul/libc.a(lib_a-wbuf.o)
                              /opt/altera/13.0sp1/nios2eds/bin/gnu/H-i686-pc-linux-gnu/bin/../lib/gcc/nios2-elf/4.1.2/../../../../nios2-elf/lib/mno-hw-mul/libc.a(lib_a-putc.o) (__swbuf_r)
/opt/altera/13.0sp1/nios2eds/bin/gnu/H-i686-pc-linux-gnu/bin/../lib/gcc/nios2-elf/4.1.2/../../../../nios2-elf/lib/mno-hw-mul/libc.a(lib_a-wsetup.o)
                              /opt/altera/13.0sp1/nios2eds/bin/gnu/H-i686-pc-linux-gnu/bin/../lib/gcc/nios2-elf/4.1.2/../../../../nios2-elf/lib/mno-hw-mul/libc.a(lib_a-vfprintf.o) (__swsetup_r)
/opt/altera/13.0sp1/nios2eds/bin/gnu/H-i686-pc-linux-gnu/bin/../lib/gcc/nios2-elf/4.1.2/../../../../nios2-elf/lib/mno-hw-mul/libc.a(lib_a-dtoa.o)
                              /opt/altera/13.0sp1/nios2eds/bin/gnu/H-i686-pc-linux-gnu/bin/../lib/gcc/nios2-elf/4.1.2/../../../../nios2-elf/lib/mno-hw-mul/libc.a(lib_a-vfprintf.o) (_dtoa_r)
/opt/altera/13.0sp1/nios2eds/bin/gnu/H-i686-pc-linux-gnu/bin/../lib/gcc/nios2-elf/4.1.2/../../../../nios2-elf/lib/mno-hw-mul/libc.a(lib_a-fflush.o)
                              /opt/altera/13.0sp1/nios2eds/bin/gnu/H-i686-pc-linux-gnu/bin/../lib/gcc/nios2-elf/4.1.2/../../../../nios2-elf/lib/mno-hw-mul/libc.a(lib_a-vfprintf.o) (_fflush_r)
/opt/altera/13.0sp1/nios2eds/bin/gnu/H-i686-pc-linux-gnu/bin/../lib/gcc/nios2-elf/4.1.2/../../../../nios2-elf/lib/mno-hw-mul/libc.a(lib_a-findfp.o)
                              /opt/altera/13.0sp1/nios2eds/bin/gnu/H-i686-pc-linux-gnu/bin/../lib/gcc/nios2-elf/4.1.2/../../../../nios2-elf/lib/mno-hw-mul/libc.a(lib_a-putc.o) (__sinit)
/opt/altera/13.0sp1/nios2eds/bin/gnu/H-i686-pc-linux-gnu/bin/../lib/gcc/nios2-elf/4.1.2/../../../../nios2-elf/lib/mno-hw-mul/libc.a(lib_a-freer.o)
                              /opt/altera/13.0sp1/nios2eds/bin/gnu/H-i686-pc-linux-gnu/bin/../lib/gcc/nios2-elf/4.1.2/../../../../nios2-elf/lib/mno-hw-mul/libc.a(lib_a-wsetup.o) (_free_r)
/opt/altera/13.0sp1/nios2eds/bin/gnu/H-i686-pc-linux-gnu/bin/../lib/gcc/nios2-elf/4.1.2/../../../../nios2-elf/lib/mno-hw-mul/libc.a(lib_a-fvwrite.o)
                              /opt/altera/13.0sp1/nios2eds/bin/gnu/H-i686-pc-linux-gnu/bin/../lib/gcc/nios2-elf/4.1.2/../../../../nios2-elf/lib/mno-hw-mul/libc.a(lib_a-puts.o) (__sfvwrite_r)
/opt/altera/13.0sp1/nios2eds/bin/gnu/H-i686-pc-linux-gnu/bin/../lib/gcc/nios2-elf/4.1.2/../../../../nios2-elf/lib/mno-hw-mul/libc.a(lib_a-fwalk.o)
                              /opt/altera/13.0sp1/nios2eds/bin/gnu/H-i686-pc-linux-gnu/bin/../lib/gcc/nios2-elf/4.1.2/../../../../nios2-elf/lib/mno-hw-mul/libc.a(lib_a-fflush.o) (_fwalk_reent)
/opt/altera/13.0sp1/nios2eds/bin/gnu/H-i686-pc-linux-gnu/bin/../lib/gcc/nios2-elf/4.1.2/../../../../nios2-elf/lib/mno-hw-mul/libc.a(lib_a-locale.o)
                              /opt/altera/13.0sp1/nios2eds/bin/gnu/H-i686-pc-linux-gnu/bin/../lib/gcc/nios2-elf/4.1.2/../../../../nios2-elf/lib/mno-hw-mul/libc.a(lib_a-vfprintf.o) (_localeconv_r)
/opt/altera/13.0sp1/nios2eds/bin/gnu/H-i686-pc-linux-gnu/bin/../lib/gcc/nios2-elf/4.1.2/../../../../nios2-elf/lib/mno-hw-mul/libc.a(lib_a-makebuf.o)
[...]
Memory Configuration

Name             Origin             Length             Attributes
onchip_memory    0x00000000         0x00006400
sram             0x00100000         0x00080000
reset            0x01000000         0x00000020
sdram            0x01000020         0x007fffe0
*default*        0x00000000         0xffffffff

Linker script and memory map

LOAD ../bsp//obj/HAL/src/crt0.o
LOAD obj/default/TwoTasks.o
LOAD /opt/altera/13.0sp1/nios2eds/bin/gnu/H-i686-pc-linux-gnu/bin/../lib/gcc/nios2-elf/4.1.2/../../../../nios2-elf/lib/mno-hw-mul/libstdc++.a
LOAD /opt/altera/13.0sp1/nios2eds/bin/gnu/H-i686-pc-linux-gnu/bin/../lib/gcc/nios2-elf/4.1.2/../../../../nios2-elf/lib/mno-hw-mul/libm.a
LOAD /opt/altera/13.0sp1/nios2eds/bin/gnu/H-i686-pc-linux-gnu/bin/../lib/gcc/nios2-elf/4.1.2/mno-hw-mul/libgcc.a
START GROUP
LOAD /opt/altera/13.0sp1/nios2eds/bin/gnu/H-i686-pc-linux-gnu/bin/../lib/gcc/nios2-elf/4.1.2/../../../../nios2-elf/lib/mno-hw-mul/libc.a
LOAD /opt/altera/13.0sp1/nios2eds/bin/gnu/H-i686-pc-linux-gnu/bin/../lib/gcc/nios2-elf/4.1.2/mno-hw-mul/libgcc.a
LOAD ../bsp//libucosii_bsp.a
END GROUP
LOAD /opt/altera/13.0sp1/nios2eds/bin/gnu/H-i686-pc-linux-gnu/bin/../lib/gcc/nios2-elf/4.1.2/mno-hw-mul/libgcc.a
                0x00000000                __alt_mem_onchip_memory = 0x0
                0x00100000                __alt_mem_sram = 0x100000
                0x01000000                __alt_mem_sdram = 0x1000000

.entry          0x01000000       0x20
 *(.entry)
 .entry         0x01000000       0x20 ../bsp//obj/HAL/src/crt0.o
                0x01000000                __reset

.exceptions     0x01000020      0x124 load address 0x00100000
                0x01000020                PROVIDE (__ram_exceptions_start, ABSOLUTE (.))
                0x01000020                . = ALIGN (0x20)
 *(.irq)
 *(.exceptions.entry.label)
 .exceptions.entry.label
                0x01000020        0x0 ../bsp//libucosii_bsp.a(alt_irq_entry.o)
                0x01000020                alt_irq_entry
 .exceptions.entry.label
                0x01000020        0x0 ../bsp//libucosii_bsp.a(alt_exception_entry.o)
                0x01000020                alt_exception
 *(.exceptions.entry.user)
 *(.exceptions.entry)
 .exceptions.entry
                0x01000020       0x54 ../bsp//libucosii_bsp.a(alt_exception_entry.o)
 *(.exceptions.irqtest.user)
 *(.exceptions.irqtest)
 .exceptions.irqtest
                0x01000074       0x10 ../bsp//libucosii_bsp.a(alt_irq_entry.o)
 *(.exceptions.irqhandler.user)
 *(.exceptions.irqhandler)
 .exceptions.irqhandler
                0x01000084        0x4 ../bsp//libucosii_bsp.a(alt_irq_entry.o)
 *(.exceptions.irqreturn.user)
 *(.exceptions.irqreturn)
 .exceptions.irqreturn
                0x01000088        0x4 ../bsp//libucosii_bsp.a(alt_irq_entry.o)
 *(.exceptions.notirq.label)
 .exceptions.notirq.label
                0x0100008c        0x0 ../bsp//libucosii_bsp.a(alt_irq_entry.o)
 *(.exceptions.notirq.user)
 *(.exceptions.notirq)
 .exceptions.notirq
                0x0100008c        0x8 ../bsp//libucosii_bsp.a(alt_exception_entry.o)
 *(.exceptions.soft.user)
 *(.exceptions.soft)
 *(.exceptions.unknown.user)
 *(.exceptions.unknown)
 .exceptions.unknown
                0x01000094        0x4 ../bsp//libucosii_bsp.a(alt_exception_entry.o)
 *(.exceptions.exit.label)
 .exceptions.exit.label
                0x01000098        0x0 ../bsp//libucosii_bsp.a(alt_irq_entry.o)
 .exceptions.exit.label
                0x01000098        0x0 ../bsp//libucosii_bsp.a(alt_exception_entry.o)
 *(.exceptions.exit.user)
 *(.exceptions.exit)
 .exceptions.exit
                0x01000098       0x54 ../bsp//libucosii_bsp.a(alt_exception_entry.o)
 *(.exceptions)
 .exceptions    0x010000ec       0x58 ../bsp//libucosii_bsp.a(alt_irq_handler.o)
                0x010000ec                alt_irq_handler
                0x01000144                PROVIDE (__ram_exceptions_end, ABSOLUTE (.))
                0x00100000                PROVIDE (__flash_exceptions_start, LOADADDR (.exceptions))

.text           0x00100124    0x1111c
                0x00100124                PROVIDE (stext, ABSOLUTE (.))
 *(.interp)
 *(.hash)
 *(.dynsym)
 *(.dynstr)
 *(.gnu.version)
 *(.gnu.version_d)
 *(.gnu.version_r)
 *(.rel.init)
 *(.rela.init)
 *(.rel.text .rel.text.* .rel.gnu.linkonce.t.*)
 *(.rela.text .rela.text.* .rela.gnu.linkonce.t.*)
 *(.rel.fini)
 *(.rela.fini)
 *(.rel.rodata .rel.rodata.* .rel.gnu.linkonce.r.*)
 *(.rela.rodata .rela.rodata.* .rela.gnu.linkonce.r.*)
 *(.rel.data .rel.data.* .rel.gnu.linkonce.d.*)
 *(.rela.data .rela.data.* .rela.gnu.linkonce.d.*)
 *(.rel.tdata .rel.tdata.* .rel.gnu.linkonce.td.*)
 *(.rela.tdata .rela.tdata.* .rela.gnu.linkonce.td.*)
 *(.rel.tbss .rel.tbss.* .rel.gnu.linkonce.tb.*)
 *(.rela.tbss .rela.tbss.* .rela.gnu.linkonce.tb.*)
 *(.rel.ctors)
 *(.rela.ctors)
 *(.rel.dtors)
 *(.rela.dtors)
 *(.rel.got)
 *(.rela.got)
 *(.rel.sdata .rel.sdata.* .rel.gnu.linkonce.s.*)
 *(.rela.sdata .rela.sdata.* .rela.gnu.linkonce.s.*)
 *(.rel.sbss .rel.sbss.* .rel.gnu.linkonce.sb.*)
 *(.rela.sbss .rela.sbss.* .rela.gnu.linkonce.sb.*)
 *(.rel.sdata2 .rel.sdata2.* .rel.gnu.linkonce.s2.*)
 *(.rela.sdata2 .rela.sdata2.* .rela.gnu.linkonce.s2.*)
 *(.rel.sbss2 .rel.sbss2.* .rel.gnu.linkonce.sb2.*)
 *(.rela.sbss2 .rela.sbss2.* .rela.gnu.linkonce.sb2.*)
 *(.rel.bss .rel.bss.* .rel.gnu.linkonce.b.*)
 *(.rela.bss .rela.bss.* .rela.gnu.linkonce.b.*)
 *(.rel.plt)
 *(.rela.plt)
 *(.rel.dyn)
 *(.init)
 *(.plt)
 *(.text .stub .text.* .gnu.linkonce.t.*)
 .text          0x00100124       0x3c ../bsp//obj/HAL/src/crt0.o
                0x00100124                _start
 .text          0x00100160      0x350 obj/default/TwoTasks.o
                0x00100160                printStackSize
                0x001001d8                task1
                0x0010028c                task2
                0x00100340                statisticTask
                0x001003a0                main
 .text          0x001004b0        0x0 /opt/altera/13.0sp1/nios2eds/bin/gnu/H-i686-pc-linux-gnu/bin/../lib/gcc/nios2-elf/4.1.2/../../../../nios2-elf/lib/mno-hw-mul/libc.a(lib_a-impure.o)
 .text          0x001004b0       0xa0 /opt/altera/13.0sp1/nios2eds/bin/gnu/H-i686-pc-linux-gnu/bin/../lib/gcc/nios2-elf/4.1.2/../../../../nios2-elf/lib/mno-hw-mul/libc.a(lib_a-memcpy.o)
                0x001004b0                memcpy
 .text          0x00100550       0x78 /opt/altera/13.0sp1/nios2eds/bin/gnu/H-i686-pc-linux-gnu/bin/../lib/gcc/nios2-elf/4.1.2/../../../../nios2-elf/lib/mno-hw-mul/libc.a(lib_a-printf.o)
                0x00100550                printf
                0x00100594                _printf_r
 .text          0x001005c8      0x1ec /opt/altera/13.0sp1/nios2eds/bin/gnu/H-i686-pc-linux-gnu/bin/../lib/gcc/nios2-elf/4.1.2/../../../../nios2-elf/lib/mno-hw-mul/libc.a(lib_a-putc.o)
                0x001005c8                putc
                0x001006cc                _putc_r
 .text          0x001007b4       0xb4 /opt/altera/13.0sp1/nios2eds/bin/gnu/H-i686-pc-linux-gnu/bin/../lib/gcc/nios2-elf/4.1.2/../../../../nios2-elf/lib/mno-hw-mul/libc.a(lib_a-puts.o)
                0x001007b4                _puts_r
                0x00100854                puts
 .text          0x00100868       0x74 /opt/altera/13.0sp1/nios2eds/bin/gnu/H-i686-pc-linux-gnu/bin/../lib/gcc/nios2-elf/4.1.2/../../../../nios2-elf/lib/mno-hw-mul/libc.a(lib_a-strlen.o)
                0x00100868                strlen
 .text          0x001008dc     0x1f40 /opt/altera/13.0sp1/nios2eds/bin/gnu/H-i686-pc-linux-gnu/bin/../lib/gcc/nios2-elf/4.1.2/../../../../nios2-elf/lib/mno-hw-mul/libc.a(lib_a-vfprintf.o)
                0x00100934                ___vfprintf_internal_r
                0x001027f8                __vfprintf_internal
 .text          0x0010281c      0x14c /opt/altera/13.0sp1/nios2eds/bin/gnu/H-i686-pc-linux-gnu/bin/../lib/gcc/nios2-elf/4.1.2/../../../../nios2-elf/lib/mno-hw-mul/libc.a(lib_a-wbuf.o)
                0x0010281c                __swbuf_r
                0x0010294c                __swbuf
 .text          0x00102968      0x13c /opt/altera/13.0sp1/nios2eds/bin/gnu/H-i686-pc-linux-gnu/bin/../lib/gcc/nios2-elf/4.1.2/../../../../nios2-elf/lib/mno-hw-mul/libc.a(lib_a-wsetup.o)
                0x00102968                __swsetup_r
 .text          0x00102aa4     0x17f8 /opt/altera/13.0sp1/nios2eds/bin/gnu/H-i686-pc-linux-gnu/bin/../lib/gcc/nios2-elf/4.1.2/../../../../nios2-elf/lib/mno-hw-mul/libc.a(lib_a-dtoa.o)
                0x00102ce8                _dtoa_r
 .text          0x0010429c      0x230 /opt/altera/13.0sp1/nios2eds/bin/gnu/H-i686-pc-linux-gnu/bin/../lib/gcc/nios2-elf/4.1.2/../../../../nios2-elf/lib/mno-hw-mul/libc.a(lib_a-fflush.o)
                0x0010429c                _fflush_r
                0x00104498                fflush
 .text          0x001044cc      0x2f4 /opt/altera/13.0sp1/nios2eds/bin/gnu/H-i686-pc-linux-gnu/bin/../lib/gcc/nios2-elf/4.1.2/../../../../nios2-elf/lib/mno-hw-mul/libc.a(lib_a-findfp.o)
                0x00104524                __sfp_lock_acquire
                0x00104528                __sfp_lock_release
                0x0010452c                __sinit_lock_acquire
                0x00104530                __sinit_lock_release
                0x00104534                __sinit
                0x001045e8                __fp_unlock_all
                0x00104600                __fp_lock_all
                0x00104618                _cleanup_r
                0x00104624                _cleanup
                0x00104634                __sfmoreglue
                0x001046d0                __sfp
 .text          0x001047c0      0x440 /opt/altera/13.0sp1/nios2eds/bin/gnu/H-i686-pc-linux-gnu/bin/../lib/gcc/nios2-elf/4.1.2/../../../../nios2-elf/lib/mno-hw-mul/libc.a(lib_a-freer.o)
                0x001047c0                _malloc_trim_r
                0x001048ec                _free_r
 .text          0x00104c00      0x49c /opt/altera/13.0sp1/nios2eds/bin/gnu/H-i686-pc-linux-gnu/bin/../lib/gcc/nios2-elf/4.1.2/../../../../nios2-elf/lib/mno-hw-mul/libc.a(lib_a-fvwrite.o)
                0x00104c00                __sfvwrite_r
 .text          0x0010509c      0x180 /opt/altera/13.0sp1/nios2eds/bin/gnu/H-i686-pc-linux-gnu/bin/../lib/gcc/nios2-elf/4.1.2/../../../../nios2-elf/lib/mno-hw-mul/libc.a(lib_a-fwalk.o)
                0x0010509c                _fwalk_reent
                0x00105164                _fwalk
 .text          0x0010521c       0xc4 /opt/altera/13.0sp1/nios2eds/bin/gnu/H-i686-pc-linux-gnu/bin/../lib/gcc/nios2-elf/4.1.2/../../../../nios2-elf/lib/mno-hw-mul/libc.a(lib_a-locale.o)
                0x0010521c                __locale_charset
                0x00105224                _localeconv_r
                0x00105230                localeconv
                0x00105240                _setlocale_r
                0x001052c4                setlocale
 .text          0x001052e0      0x194 /opt/altera/13.0sp1/nios2eds/bin/gnu/H-i686-pc-linux-gnu/bin/../lib/gcc/nios2-elf/4.1.2/../../../../nios2-elf/lib/mno-hw-mul/libc.a(lib_a-makebuf.o)
                0x001052e0                __smakebuf_r
 .text          0x00105474      0x740 /opt/altera/13.0sp1/nios2eds/bin/gnu/H-i686-pc-linux-gnu/bin/../lib/gcc/nios2-elf/4.1.2/../../../../nios2-elf/lib/mno-hw-mul/libc.a(lib_a-mallocr.o)
                0x00105474                _malloc_r
 .text          0x00105bb4       0xe4 /opt/altera/13.0sp1/nios2eds/bin/gnu/H-i686-pc-linux-gnu/bin/../lib/gcc/nios2-elf/4.1.2/../../../../nios2-elf/lib/mno-hw-mul/libc.a(lib_a-memchr.o)
                0x00105bb4                memchr
 .text          0x00105c98       0xe0 /opt/altera/13.0sp1/nios2eds/bin/gnu/H-i686-pc-linux-gnu/bin/../lib/gcc/nios2-elf/4.1.2/../../../../nios2-elf/lib/mno-hw-mul/libc.a(lib_a-memmove.o)
                0x00105c98                memmove
 .text          0x00105d78       0x98 /opt/altera/13.0sp1/nios2eds/bin/gnu/H-i686-pc-linux-gnu/bin/../lib/gcc/nios2-elf/4.1.2/../../../../nios2-elf/lib/mno-hw-mul/libc.a(lib_a-memset.o)
                0x00105d78                memset
 .text          0x00105e10     0x108c /opt/altera/13.0sp1/nios2eds/bin/gnu/H-i686-pc-linux-gnu/bin/../lib/gcc/nios2-elf/4.1.2/../../../../nios2-elf/lib/mno-hw-mul/libc.a(lib_a-mprec.o)
                0x00105e10                _Bfree
                0x00105e38                __hi0bits
                0x00105ea8                __lo0bits
                0x00105f6c                __mcmp
                0x00105fcc                __ulp
                0x0010604c                __b2d
                0x0010616c                __ratio
                0x0010621c                _mprec_log10
                0x001062b0                __copybits
                0x00106308                __any_on
                0x00106390                _Balloc
                0x0010644c                __d2b
                0x001065c8                __mdiff
                0x00106754                __lshift
                0x001068a0                __multiply
                0x00106af4                __i2b
                0x00106b30                __multadd
                0x00106c5c                __pow5mult
                0x00106d7c                __s2b
 .text          0x00106e9c      0x5f4 /opt/altera/13.0sp1/nios2eds/bin/gnu/H-i686-pc-linux-gnu/bin/../lib/gcc/nios2-elf/4.1.2/../../../../nios2-elf/lib/mno-hw-mul/libc.a(lib_a-reallocr.o)
                0x00106e9c                _realloc_r
 .text          0x00107490       0x40 /opt/altera/13.0sp1/nios2eds/bin/gnu/H-i686-pc-linux-gnu/bin/../lib/gcc/nios2-elf/4.1.2/../../../../nios2-elf/lib/mno-hw-mul/libc.a(lib_a-s_isinfd.o)
                0x00107490                __isinfd
 .text          0x001074d0       0x30 /opt/altera/13.0sp1/nios2eds/bin/gnu/H-i686-pc-linux-gnu/bin/../lib/gcc/nios2-elf/4.1.2/../../../../nios2-elf/lib/mno-hw-mul/libc.a(lib_a-s_isnand.o)
                0x001074d0                __isnand
 .text          0x00107500       0x70 /opt/altera/13.0sp1/nios2eds/bin/gnu/H-i686-pc-linux-gnu/bin/../lib/gcc/nios2-elf/4.1.2/../../../../nios2-elf/lib/mno-hw-mul/libc.a(lib_a-sbrkr.o)
                0x00107500                _sbrk_r
 .text          0x00107570      0x14c /opt/altera/13.0sp1/nios2eds/bin/gnu/H-i686-pc-linux-gnu/bin/../lib/gcc/nios2-elf/4.1.2/../../../../nios2-elf/lib/mno-hw-mul/libc.a(lib_a-stdio.o)
                0x00107570                __sclose
                0x00107578                __sseek
                0x001075e0                __swrite
                0x0010765c                __sread
 .text          0x001076bc       0xbc /opt/altera/13.0sp1/nios2eds/bin/gnu/H-i686-pc-linux-gnu/bin/../lib/gcc/nios2-elf/4.1.2/../../../../nios2-elf/lib/mno-hw-mul/libc.a(lib_a-strcmp.o)
                0x001076bc                strcmp
 .text          0x00107778       0x78 /opt/altera/13.0sp1/nios2eds/bin/gnu/H-i686-pc-linux-gnu/bin/../lib/gcc/nios2-elf/4.1.2/../../../../nios2-elf/lib/mno-hw-mul/libc.a(lib_a-writer.o)
                0x00107778                _write_r
 .text          0x001077f0       0xc8 /opt/altera/13.0sp1/nios2eds/bin/gnu/H-i686-pc-linux-gnu/bin/../lib/gcc/nios2-elf/4.1.2/../../../../nios2-elf/lib/mno-hw-mul/libc.a(lib_a-callocr.o)
                0x001077f0                _calloc_r
 .text          0x001078b8       0x70 /opt/altera/13.0sp1/nios2eds/bin/gnu/H-i686-pc-linux-gnu/bin/../lib/gcc/nios2-elf/4.1.2/../../../../nios2-elf/lib/mno-hw-mul/libc.a(lib_a-closer.o)
                0x001078b8                _close_r
 .text          0x00107928      0x124 /opt/altera/13.0sp1/nios2eds/bin/gnu/H-i686-pc-linux-gnu/bin/../lib/gcc/nios2-elf/4.1.2/../../../../nios2-elf/lib/mno-hw-mul/libc.a(lib_a-fclose.o)
                0x00107928                _fclose_r
                0x00107a38                fclose
 .text          0x00107a4c       0x74 /opt/altera/13.0sp1/nios2eds/bin/gnu/H-i686-pc-linux-gnu/bin/../lib/gcc/nios2-elf/4.1.2/../../../../nios2-elf/lib/mno-hw-mul/libc.a(lib_a-fstatr.o)
                0x00107a4c                _fstat_r
 .text          0x00107ac0        0x0 /opt/altera/13.0sp1/nios2eds/bin/gnu/H-i686-pc-linux-gnu/bin/../lib/gcc/nios2-elf/4.1.2/../../../../nios2-elf/lib/mno-hw-mul/libc.a(lib_a-int_errno.o)
 .text          0x00107ac0       0x70 /opt/altera/13.0sp1/nios2eds/bin/gnu/H-i686-pc-linux-gnu/bin/../lib/gcc/nios2-elf/4.1.2/../../../../nios2-elf/lib/mno-hw-mul/libc.a(lib_a-isattyr.o)
                0x00107ac0                _isatty_r
 .text          0x00107b30       0x78 /opt/altera/13.0sp1/nios2eds/bin/gnu/H-i686-pc-linux-gnu/bin/../lib/gcc/nios2-elf/4.1.2/../../../../nios2-elf/lib/mno-hw-mul/libc.a(lib_a-lseekr.o)
                0x00107b30                _lseek_r
 .text          0x00107ba8       0x78 /opt/altera/13.0sp1/nios2eds/bin/gnu/H-i686-pc-linux-gnu/bin/../lib/gcc/nios2-elf/4.1.2/../../../../nios2-elf/lib/mno-hw-mul/libc.a(lib_a-readr.o)
                0x00107ba8                _read_r
 .text          0x00107c20      0x66c /opt/altera/13.0sp1/nios2eds/bin/gnu/H-i686-pc-linux-gnu/bin/../lib/gcc/nios2-elf/4.1.2/mno-hw-mul/libgcc.a(_udivdi3.o)
                0x00107c20                __udivdi3
 .text          0x0010828c      0x660 /opt/altera/13.0sp1/nios2eds/bin/gnu/H-i686-pc-linux-gnu/bin/../lib/gcc/nios2-elf/4.1.2/mno-hw-mul/libgcc.a(_umoddi3.o)
                0x0010828c                __umoddi3
 .text          0x001088ec      0x504 /opt/altera/13.0sp1/nios2eds/bin/gnu/H-i686-pc-linux-gnu/bin/../lib/gcc/nios2-elf/4.1.2/mno-hw-mul/libgcc.a(_addsub_df.o)
                0x00108cfc                __subdf3
                0x00108d7c                __adddf3
 .text          0x00108df0      0x3c4 /opt/altera/13.0sp1/nios2eds/bin/gnu/H-i686-pc-linux-gnu/bin/../lib/gcc/nios2-elf/4.1.2/mno-hw-mul/libgcc.a(_mul_df.o)
                0x00108df0                __muldf3
 .text          0x001091b4      0x258 /opt/altera/13.0sp1/nios2eds/bin/gnu/H-i686-pc-linux-gnu/bin/../lib/gcc/nios2-elf/4.1.2/mno-hw-mul/libgcc.a(_div_df.o)
                0x001091b4                __divdf3
 .text          0x0010940c       0x88 /opt/altera/13.0sp1/nios2eds/bin/gnu/H-i686-pc-linux-gnu/bin/../lib/gcc/nios2-elf/4.1.2/mno-hw-mul/libgcc.a(_eq_df.o)
                0x0010940c                __eqdf2
 .text          0x00109494       0x88 /opt/altera/13.0sp1/nios2eds/bin/gnu/H-i686-pc-linux-gnu/bin/../lib/gcc/nios2-elf/4.1.2/mno-hw-mul/libgcc.a(_ne_df.o)
                0x00109494                __nedf2
 .text          0x0010951c       0x88 /opt/altera/13.0sp1/nios2eds/bin/gnu/H-i686-pc-linux-gnu/bin/../lib/gcc/nios2-elf/4.1.2/mno-hw-mul/libgcc.a(_gt_df.o)
                0x0010951c                __gtdf2
 .text          0x001095a4       0x88 /opt/altera/13.0sp1/nios2eds/bin/gnu/H-i686-pc-linux-gnu/bin/../lib/gcc/nios2-elf/4.1.2/mno-hw-mul/libgcc.a(_ge_df.o)
                0x001095a4                __gedf2
 .text          0x0010962c       0x88 /opt/altera/13.0sp1/nios2eds/bin/gnu/H-i686-pc-linux-gnu/bin/../lib/gcc/nios2-elf/4.1.2/mno-hw-mul/libgcc.a(_lt_df.o)
                0x0010962c                __ltdf2
 .text          0x001096b4       0xf8 /opt/altera/13.0sp1/nios2eds/bin/gnu/H-i686-pc-linux-gnu/bin/../lib/gcc/nios2-elf/4.1.2/mno-hw-mul/libgcc.a(_si_to_df.o)
                0x001096b4                __floatsidf
 .text          0x001097ac       0xd8 /opt/altera/13.0sp1/nios2eds/bin/gnu/H-i686-pc-linux-gnu/bin/../lib/gcc/nios2-elf/4.1.2/mno-hw-mul/libgcc.a(_df_to_si.o)
                0x001097ac                __fixdfsi
 .text          0x00109884        0x0 /opt/altera/13.0sp1/nios2eds/bin/gnu/H-i686-pc-linux-gnu/bin/../lib/gcc/nios2-elf/4.1.2/mno-hw-mul/libgcc.a(_thenan_df.o)
 .text          0x00109884      0x194 /opt/altera/13.0sp1/nios2eds/bin/gnu/H-i686-pc-linux-gnu/bin/../lib/gcc/nios2-elf/4.1.2/mno-hw-mul/libgcc.a(_usi_to_df.o)
                0x00109884                __floatunsidf
 .text          0x00109a18      0x14c /opt/altera/13.0sp1/nios2eds/bin/gnu/H-i686-pc-linux-gnu/bin/../lib/gcc/nios2-elf/4.1.2/mno-hw-mul/libgcc.a(lib2-divmod.o)
                0x00109a94                __divsi3
                0x00109af4                __modsi3
                0x00109b54                __udivsi3
                0x00109b5c                __umodsi3
 .text          0x00109b64       0x38 /opt/altera/13.0sp1/nios2eds/bin/gnu/H-i686-pc-linux-gnu/bin/../lib/gcc/nios2-elf/4.1.2/mno-hw-mul/libgcc.a(lib2-mul.o)
                0x00109b64                __mulsi3
 .text          0x00109b9c      0x124 /opt/altera/13.0sp1/nios2eds/bin/gnu/H-i686-pc-linux-gnu/bin/../lib/gcc/nios2-elf/4.1.2/mno-hw-mul/libgcc.a(_muldi3.o)
                0x00109b9c                __muldi3
 .text          0x00109cc0        0x0 /opt/altera/13.0sp1/nios2eds/bin/gnu/H-i686-pc-linux-gnu/bin/../lib/gcc/nios2-elf/4.1.2/mno-hw-mul/libgcc.a(_clz.o)
 .text          0x00109cc0       0x80 /opt/altera/13.0sp1/nios2eds/bin/gnu/H-i686-pc-linux-gnu/bin/../lib/gcc/nios2-elf/4.1.2/mno-hw-mul/libgcc.a(_clzsi2.o)
                0x00109cc0                __clzsi2
 .text          0x00109d40      0x314 /opt/altera/13.0sp1/nios2eds/bin/gnu/H-i686-pc-linux-gnu/bin/../lib/gcc/nios2-elf/4.1.2/mno-hw-mul/libgcc.a(_pack_df.o)
                0x00109d40                __pack_d
 .text          0x0010a054      0x138 /opt/altera/13.0sp1/nios2eds/bin/gnu/H-i686-pc-linux-gnu/bin/../lib/gcc/nios2-elf/4.1.2/mno-hw-mul/libgcc.a(_unpack_df.o)
                0x0010a054                __unpack_d
 .text          0x0010a18c       0xc8 /opt/altera/13.0sp1/nios2eds/bin/gnu/H-i686-pc-linux-gnu/bin/../lib/gcc/nios2-elf/4.1.2/mno-hw-mul/libgcc.a(_fpcmp_parts_df.o)
                0x0010a18c                __fpcmp_parts_d
 .text          0x0010a254       0xbc ../bsp//libucosii_bsp.a(alt_close.o)
                0x0010a274                close
 .text          0x0010a310        0x8 ../bsp//libucosii_bsp.a(alt_dev.o)
 .text          0x0010a318        0x0 ../bsp//libucosii_bsp.a(alt_errno.o)
 .text          0x0010a318       0x9c ../bsp//libucosii_bsp.a(alt_fstat.o)
                0x0010a318                fstat
 .text          0x0010a3b4       0x94 ../bsp//libucosii_bsp.a(alt_isatty.o)
                0x0010a3b4                isatty
 .text          0x0010a448       0x8c ../bsp//libucosii_bsp.a(alt_load.o)
                0x0010a468                alt_load
 .text          0x0010a4d4       0xb8 ../bsp//libucosii_bsp.a(alt_lseek.o)
                0x0010a4d4                lseek
 .text          0x0010a58c       0xa8 ../bsp//libucosii_bsp.a(alt_main.o)
                0x0010a58c                alt_main
 .text          0x0010a634       0xd8 ../bsp//libucosii_bsp.a(alt_read.o)
                0x0010a654                read
 .text          0x0010a70c       0x5c ../bsp//libucosii_bsp.a(alt_release_fd.o)
                0x0010a70c                alt_release_fd
 .text          0x0010a768       0x50 ../bsp//libucosii_bsp.a(alt_sbrk.o)
                0x0010a768                sbrk
 .text          0x0010a7b8       0xd4 ../bsp//libucosii_bsp.a(alt_write.o)
                0x0010a7d8                write
 .text          0x0010a88c       0xa8 ../bsp//libucosii_bsp.a(alt_env_lock.o)
                0x0010a88c                __env_unlock
                0x0010a8b4                __env_lock
 .text          0x0010a934      0x110 ../bsp//libucosii_bsp.a(alt_malloc_lock.o)
                0x0010a934                __malloc_unlock
                0x0010a990                __malloc_lock
 .text          0x0010aa44     0x1118 ../bsp//libucosii_bsp.a(os_core.o)
                0x0010aa44                OSVersion
                0x0010aa4c                OS_Dummy
                0x0010aa50                OS_EventTaskWait
                0x0010aad4                OS_EventTaskWaitMulti
                0x0010ab74                OS_EventTaskRemove
                0x0010abc0                OS_EventTaskRemoveMulti
                0x0010ac1c                OS_EventTaskRdy
                0x0010ad10                OS_EventWaitListInit
                0x0010ad2c                OS_MemClr
                0x0010ad48                OS_MemCopy
                0x0010ad6c                OS_StrCopy
                0x0010ad98                OS_StrLen
                0x0010adb8                OS_TaskStatStkChk
                0x0010ae3c                OS_Sched
                0x0010aef4                OSStart
                0x0010af60                OSInit
                0x0010b140                OSEventNameGet
                0x0010b1f8                OSEventPendMulti
                0x0010b550                OSIntEnter
                0x0010b58c                OSSchedLock
                0x0010b5d0                OSSchedUnlock
                0x0010b624                OSStatInit
                0x0010b688                OSTimeTick
                0x0010b794                OS_TaskIdle
                0x0010b7c4                OS_TaskStat
                0x0010b848                OS_TCBInit
                0x0010b9cc                OSIntExit
                0x0010baa0                OSEventNameSet
 .text          0x0010bb5c        0x4 ../bsp//libucosii_bsp.a(os_dbg.o)
                0x0010bb5c                OSDebugInit
 .text          0x0010bb60      0xc5c ../bsp//libucosii_bsp.a(os_flag.o)
                0x0010bc18                OS_FlagUnlink
                0x0010bce4                OS_FlagInit
                0x0010bd54                OSFlagQuery
                0x0010bdb0                OSFlagAccept
                0x0010bf20                OSFlagCreate
                0x0010bfa8                OSFlagDel
                0x0010c108                OSFlagNameGet
                0x0010c1c8                OSFlagNameSet
                0x0010c29c                OSFlagPend
                0x0010c59c                OSFlagPendGetFlagsRdy
                0x0010c5c8                OSFlagPost
 .text          0x0010c7bc      0x3b8 ../bsp//libucosii_bsp.a(os_mem.o)
                0x0010c7bc                OS_MemInit
                0x0010c824                OSMemQuery
                0x0010c888                OSMemCreate
                0x0010c958                OSMemGet
                0x0010c9c4                OSMemNameGet
                0x0010ca60                OSMemNameSet
                0x0010cb1c                OSMemPut
 .text          0x0010cb74      0x9c4 ../bsp//libucosii_bsp.a(os_q.o)
                0x0010cb74                OS_QInit
                0x0010cbc4                OSQQuery
                0x0010cc5c                OSQAccept
                0x0010ccf8                OSQCreate
                0x0010cdf8                OSQDel
                0x0010cf7c                OSQFlush
                0x0010cfcc                OSQPend
                0x0010d18c                OSQPendAbort
                0x0010d274                OSQPost
                0x0010d330                OSQPostFront
                0x0010d3f4                OSQPostOpt
 .text          0x0010d538      0x5e0 ../bsp//libucosii_bsp.a(os_sem.o)
                0x0010d538                OSSemSet
                0x0010d59c                OSSemAccept
                0x0010d5e0                OSSemCreate
                0x0010d66c                OSSemDel
                0x0010d7c0                OSSemPend
                0x0010d928                OSSemPendAbort
                0x0010da14                OSSemPost
                0x0010dab0                OSSemQuery
 .text          0x0010db18      0xe74 ../bsp//libucosii_bsp.a(os_task.o)
                0x0010db18                OS_TaskStkClr
                0x0010db48                OSTaskQuery
                0x0010dc10                OSTaskChangePrio
                0x0010deac                OSTaskCreate
                0x0010dfb8                OSTaskCreateExt
                0x0010e130                OSTaskDel
                0x0010e37c                OSTaskDelReq
                0x0010e430                OSTaskNameGet
                0x0010e538                OSTaskNameSet
                0x0010e654                OSTaskResume
                0x0010e758                OSTaskStkChk
                0x0010e848                OSTaskSuspend
 .text          0x0010e98c      0x378 ../bsp//libucosii_bsp.a(os_time.o)
                0x0010e98c                OSTimeSet
                0x0010e9b0                OSTimeDly
                0x0010ea48                OSTimeDlyHMSM
                0x0010ebe8                OSTimeDlyResume
                0x0010ece0                OSTimeGet
 .text          0x0010ed04      0xb94 ../bsp//libucosii_bsp.a(os_tmr.o)
                0x0010ee70                OSTmr_Init
                0x0010f0cc                OSTmrStop
                0x0010f228                OSTmrStart
                0x0010f32c                OSTmrStateGet
                0x0010f3d4                OSTmrRemainGet
                0x0010f4ec                OSTmrDel
                0x0010f5e8                OSTmrSignal
                0x0010f610                OSTmrNameGet
                0x0010f6fc                OSTmrCreate
 .text          0x0010f898       0x9c ../bsp//libucosii_bsp.a(alt_sys_init.o)
                0x0010f8a4                alt_sys_init
                0x0010f914                alt_irq_init
 .text          0x0010f934       0x3c ../bsp//libucosii_bsp.a(altera_avalon_jtag_uart_fd.o)
                0x0010f934                altera_avalon_jtag_uart_ioctl_fd
                0x0010f940                altera_avalon_jtag_uart_close_fd
                0x0010f950                altera_avalon_jtag_uart_write_fd
                0x0010f960                altera_avalon_jtag_uart_read_fd
 .text          0x0010f970      0x2f4 ../bsp//libucosii_bsp.a(altera_avalon_jtag_uart_init.o)
                0x0010f970                altera_avalon_jtag_uart_close
                0x0010fa30                altera_avalon_jtag_uart_init
 .text          0x0010fc64       0x7c ../bsp//libucosii_bsp.a(altera_avalon_jtag_uart_ioctl.o)
                0x0010fc64                altera_avalon_jtag_uart_ioctl
 .text          0x0010fce0      0x1ac ../bsp//libucosii_bsp.a(altera_avalon_jtag_uart_read.o)
                0x0010fce0                altera_avalon_jtag_uart_read
 .text          0x0010fe8c      0x1b8 ../bsp//libucosii_bsp.a(altera_avalon_jtag_uart_write.o)
                0x0010fe8c                altera_avalon_jtag_uart_write
 .text          0x00110044       0x8c ../bsp//libucosii_bsp.a(altera_avalon_timer_sc.o)
                0x00110044                alt_avalon_timer_sc_init
 .text          0x001100d0      0x250 ../bsp//libucosii_bsp.a(altera_up_avalon_character_lcd.o)
                0x001100d0                get_DDRAM_addr
                0x001100e8                alt_up_character_lcd_string
                0x00110104                alt_up_character_lcd_write
                0x00110128                alt_up_character_lcd_write_fd
                0x00110148                alt_up_character_lcd_init
                0x00110158                alt_up_character_lcd_send_cmd
                0x00110168                alt_up_character_lcd_cursor_blink_on
                0x00110170                alt_up_character_lcd_cursor_off
                0x00110178                alt_up_character_lcd_erase_pos
                0x001101dc                alt_up_character_lcd_shift_display
                0x0011024c                alt_up_character_lcd_shift_cursor
                0x001102bc                alt_up_character_lcd_set_cursor_pos
                0x00110314                alt_up_character_lcd_open_dev
 .text          0x00110320       0x90 ../bsp//libucosii_bsp.a(alt_alarm_start.o)
                0x00110320                alt_alarm_start
 .text          0x001103b0        0x4 ../bsp//libucosii_bsp.a(alt_dcache_flush_all.o)
                0x001103b0                alt_dcache_flush_all
 .text          0x001103b4       0x70 ../bsp//libucosii_bsp.a(alt_dev_llist_insert.o)
                0x001103b4                alt_dev_llist_insert
 .text          0x00110424       0x40 ../bsp//libucosii_bsp.a(alt_do_ctors.o)
                0x00110424                _do_ctors
 .text          0x00110464       0x40 ../bsp//libucosii_bsp.a(alt_do_dtors.o)
                0x00110464                _do_dtors
 .text          0x001104a4       0x70 ../bsp//libucosii_bsp.a(alt_find_dev.o)
                0x001104a4                alt_find_dev
 .text          0x00110514        0x4 ../bsp//libucosii_bsp.a(alt_icache_flush_all.o)
                0x00110514                alt_icache_flush_all
 .text          0x00110518       0x9c ../bsp//libucosii_bsp.a(alt_iic.o)
                0x00110518                alt_ic_irq_enabled
                0x00110530                alt_ic_irq_enable
                0x00110570                alt_ic_irq_disable
                0x001105b0                alt_ic_isr_register
 .text          0x001105b4       0x6c ../bsp//libucosii_bsp.a(alt_iic_isr_register.o)
                0x001105b4                alt_iic_isr_register
 .text          0x00110620      0x114 ../bsp//libucosii_bsp.a(alt_io_redirect.o)
                0x001106a8                alt_io_redirect
 .text          0x00110734        0x0 ../bsp//libucosii_bsp.a(alt_irq_entry.o)
 .text          0x00110734        0x0 ../bsp//libucosii_bsp.a(alt_irq_handler.o)
 .text          0x00110734        0x0 ../bsp//libucosii_bsp.a(alt_irq_vars.o)
 .text          0x00110734      0x17c ../bsp//libucosii_bsp.a(alt_open.o)
                0x00110734                open
 .text          0x001108b0       0xe0 ../bsp//libucosii_bsp.a(alt_tick.o)
                0x001108b0                alt_alarm_stop
                0x001108e4                alt_tick
 .text          0x00110990        0x8 ../bsp//libucosii_bsp.a(altera_nios2_qsys_irq.o)
                0x00110990                altera_nios2_qsys_irq_init
 .text          0x00110998       0xd0 ../bsp//libucosii_bsp.a(os_cpu_a.o)
                0x00110998                OSCtxSw
                0x00110998                OSIntCtxSw
                0x00110a24                OSStartHighRdy
                0x00110a44                OSStartTsk
 .text          0x00110a68      0x228 ../bsp//libucosii_bsp.a(os_cpu_c.o)
                0x00110a68                OSTaskCreateHook
                0x00110a6c                OSTaskDelHook
                0x00110a70                OSTaskSwHook
                0x00110a74                OSTaskStatHook
                0x00110a78                OSInitHookBegin
                0x00110a80                OSInitHookEnd
                0x00110a84                OSTaskIdleHook
                0x00110a88                OSTCBInitHook
                0x00110a8c                OSTimeTickHook
                0x00110ae4                OSTaskStkInit
 .text          0x00110c90        0x0 ../bsp//libucosii_bsp.a(alt_exception_entry.o)
 .text          0x00110c90       0x9c ../bsp//libucosii_bsp.a(alt_find_file.o)
                0x00110c90                alt_find_file
 .text          0x00110d2c       0xa4 ../bsp//libucosii_bsp.a(alt_get_fd.o)
                0x00110d2c                alt_get_fd
 .text          0x00110dd0       0x14 /opt/altera/13.0sp1/nios2eds/bin/gnu/H-i686-pc-linux-gnu/bin/../lib/gcc/nios2-elf/4.1.2/../../../../nios2-elf/lib/mno-hw-mul/libc.a(lib_a-atexit.o)
                0x00110dd0                atexit
 .text          0x00110de4       0x38 /opt/altera/13.0sp1/nios2eds/bin/gnu/H-i686-pc-linux-gnu/bin/../lib/gcc/nios2-elf/4.1.2/../../../../nios2-elf/lib/mno-hw-mul/libc.a(lib_a-exit.o)
                0x00110de4                exit
 .text          0x00110e1c       0x74 /opt/altera/13.0sp1/nios2eds/bin/gnu/H-i686-pc-linux-gnu/bin/../lib/gcc/nios2-elf/4.1.2/../../../../nios2-elf/lib/mno-hw-mul/libc.a(lib_a-memcmp.o)
                0x00110e1c                memcmp
 .text          0x00110e90      0x134 /opt/altera/13.0sp1/nios2eds/bin/gnu/H-i686-pc-linux-gnu/bin/../lib/gcc/nios2-elf/4.1.2/../../../../nios2-elf/lib/mno-hw-mul/libc.a(lib_a-__atexit.o)
                0x00110e90                __register_exitproc
 .text          0x00110fc4      0x1b4 /opt/altera/13.0sp1/nios2eds/bin/gnu/H-i686-pc-linux-gnu/bin/../lib/gcc/nios2-elf/4.1.2/../../../../nios2-elf/lib/mno-hw-mul/libc.a(lib_a-__call_atexit.o)
                0x00110fc8                __call_exitprocs
 .text          0x00111178       0xa4 /opt/altera/13.0sp1/nios2eds/bin/gnu/H-i686-pc-linux-gnu/bin/../lib/gcc/nios2-elf/4.1.2/mno-hw-mul/libgcc.a(_fixunsdfsi.o)
                0x00111178                __fixunsdfsi
 .text          0x0011121c       0x20 ../bsp//libucosii_bsp.a(alt_exit.o)
                0x0011121c                _exit
 *(.gnu.warning.*)
 *(.fini)
                0x0011123c                PROVIDE (__etext, ABSOLUTE (.))
                0x0011123c                PROVIDE (_etext, ABSOLUTE (.))
                0x0011123c                PROVIDE (etext, ABSOLUTE (.))
 *(.eh_frame_hdr)
                0x0011123c                . = ALIGN (0x4)
                0x0011123c                PROVIDE (__preinit_array_start, ABSOLUTE (.))
 *(.preinit_array)
                0x0011123c                PROVIDE (__preinit_array_end, ABSOLUTE (.))
                0x0011123c                PROVIDE (__init_array_start, ABSOLUTE (.))
 *(.init_array)
                0x0011123c                PROVIDE (__init_array_end, ABSOLUTE (.))
                0x0011123c                PROVIDE (__fini_array_start, ABSOLUTE (.))
 *(.fini_array)
                0x0011123c                PROVIDE (__fini_array_end, ABSOLUTE (.))
 *(.eh_frame)
 *(.gcc_except_table)
 *(.dynamic)
                0x0011123c                PROVIDE (__CTOR_LIST__, ABSOLUTE (.))
 *(.ctors)
 *(SORT(.ctors.*))
 .ctors.65535   0x0011123c        0x4 /opt/altera/13.0sp1/nios2eds/bin/gnu/H-i686-pc-linux-gnu/bin/../lib/gcc/nios2-elf/4.1.2/../../../../nios2-elf/lib/mno-hw-mul/libc.a(lib_a-__call_atexit.o)
                0x00111240                PROVIDE (__CTOR_END__, ABSOLUTE (.))
                0x00111240                PROVIDE (__DTOR_LIST__, ABSOLUTE (.))
 *(.dtors)
 *(SORT(.dtors.*))
                0x00111240                PROVIDE (__DTOR_END__, ABSOLUTE (.))
 *(.jcr)
                0x00111240                . = ALIGN (0x4)

.rodata         0x00111240      0x530
                0x00111240                PROVIDE (__ram_rodata_start, ABSOLUTE (.))
                0x00111240                . = ALIGN (0x4)
 *(.rodata .rodata.* .gnu.linkonce.r.*)
 .rodata        0x00111240       0x98 obj/default/TwoTasks.o
 .rodata.str1.4
                0x001112d8        0x2 /opt/altera/13.0sp1/nios2eds/bin/gnu/H-i686-pc-linux-gnu/bin/../lib/gcc/nios2-elf/4.1.2/../../../../nios2-elf/lib/mno-hw-mul/libc.a(lib_a-impure.o)
                                  0x4 (size before relaxing)
 *fill*         0x001112da        0x2 00
 .rodata.str1.4
                0x001112dc        0x2 /opt/altera/13.0sp1/nios2eds/bin/gnu/H-i686-pc-linux-gnu/bin/../lib/gcc/nios2-elf/4.1.2/../../../../nios2-elf/lib/mno-hw-mul/libc.a(lib_a-puts.o)
                                  0x4 (size before relaxing)
 *fill*         0x001112de        0x2 00
 .rodata.str1.4
                0x001112e0       0x5e /opt/altera/13.0sp1/nios2eds/bin/gnu/H-i686-pc-linux-gnu/bin/../lib/gcc/nios2-elf/4.1.2/../../../../nios2-elf/lib/mno-hw-mul/libc.a(lib_a-vfprintf.o)
                                 0x60 (size before relaxing)
 .rodata        0x0011133e       0x20 /opt/altera/13.0sp1/nios2eds/bin/gnu/H-i686-pc-linux-gnu/bin/../lib/gcc/nios2-elf/4.1.2/../../../../nios2-elf/lib/mno-hw-mul/libc.a(lib_a-vfprintf.o)
 *fill*         0x0011135e        0x2 00
 .rodata.str1.4
                0x00111360       0x10 /opt/altera/13.0sp1/nios2eds/bin/gnu/H-i686-pc-linux-gnu/bin/../lib/gcc/nios2-elf/4.1.2/../../../../nios2-elf/lib/mno-hw-mul/libc.a(lib_a-dtoa.o)
                                 0x14 (size before relaxing)
 .rodata.str1.4
                0x00111370        0xf /opt/altera/13.0sp1/nios2eds/bin/gnu/H-i686-pc-linux-gnu/bin/../lib/gcc/nios2-elf/4.1.2/../../../../nios2-elf/lib/mno-hw-mul/libc.a(lib_a-locale.o)
                                 0x18 (size before relaxing)
 *fill*         0x0011137f        0x1 00
 .rodata        0x00111380       0x30 /opt/altera/13.0sp1/nios2eds/bin/gnu/H-i686-pc-linux-gnu/bin/../lib/gcc/nios2-elf/4.1.2/../../../../nios2-elf/lib/mno-hw-mul/libc.a(lib_a-locale.o)
 .rodata        0x001113b0      0x124 /opt/altera/13.0sp1/nios2eds/bin/gnu/H-i686-pc-linux-gnu/bin/../lib/gcc/nios2-elf/4.1.2/../../../../nios2-elf/lib/mno-hw-mul/libc.a(lib_a-mprec.o)
                0x001113b0                __mprec_tens
                0x00111478                __mprec_bigtens
                0x001114a0                __mprec_tinytens
 .rodata        0x001114d4       0x14 /opt/altera/13.0sp1/nios2eds/bin/gnu/H-i686-pc-linux-gnu/bin/../lib/gcc/nios2-elf/4.1.2/mno-hw-mul/libgcc.a(_thenan_df.o)
                0x001114d4                __thenan_df
 .rodata        0x001114e8      0x100 /opt/altera/13.0sp1/nios2eds/bin/gnu/H-i686-pc-linux-gnu/bin/../lib/gcc/nios2-elf/4.1.2/mno-hw-mul/libgcc.a(_clz.o)
                0x001114e8                __clz_tab
 .rodata.str1.4
                0x001115e8        0xa ../bsp//libucosii_bsp.a(alt_dev.o)
                                  0xc (size before relaxing)
 *fill*         0x001115f2        0x2 00
 .rodata.str1.4
                0x001115f4       0x11 ../bsp//libucosii_bsp.a(alt_main.o)
                                 0x14 (size before relaxing)
 *fill*         0x00111605        0x3 00
 .rodata.str1.4
                0x00111608       0x1e ../bsp//libucosii_bsp.a(os_core.o)
                                 0x20 (size before relaxing)
 .rodata        0x00111626      0x100 ../bsp//libucosii_bsp.a(os_core.o)
                0x00111626                OSUnMapTbl
 *fill*         0x00111726        0x2 00
 .rodata.str1.4
                0x00111728       0x35 ../bsp//libucosii_bsp.a(os_tmr.o)
                                 0x38 (size before relaxing)
 *fill*         0x0011175d        0x3 00
 .rodata.str1.4
                0x00111760       0x10 ../bsp//libucosii_bsp.a(alt_sys_init.o)
                                 0x24 (size before relaxing)
 .rodata.str1.4
                0x00000000        0x4 ../bsp//libucosii_bsp.a(os_cpu_c.o)
 *(.rodata1)
                0x00111770                . = ALIGN (0x4)
                0x00111770                PROVIDE (__ram_rodata_end, ABSOLUTE (.))
                0x00111240                PROVIDE (__flash_rodata_start, LOADADDR (.rodata))

.rwdata         0x00111770     0x1b10 load address 0x00113280
                0x00111770                PROVIDE (__ram_rwdata_start, ABSOLUTE (.))
                0x00111770                . = ALIGN (0x4)
 *(.got.plt)
 *(.got)
 *(.data1)
 *(.data .data.* .gnu.linkonce.d.*)
 .data          0x00111770        0x0 ../bsp//obj/HAL/src/crt0.o
 .data          0x00111770        0x0 obj/default/TwoTasks.o
 .data          0x00111770      0x400 /opt/altera/13.0sp1/nios2eds/bin/gnu/H-i686-pc-linux-gnu/bin/../lib/gcc/nios2-elf/4.1.2/../../../../nios2-elf/lib/mno-hw-mul/libc.a(lib_a-impure.o)
 .data          0x00111b70        0x0 /opt/altera/13.0sp1/nios2eds/bin/gnu/H-i686-pc-linux-gnu/bin/../lib/gcc/nios2-elf/4.1.2/../../../../nios2-elf/lib/mno-hw-mul/libc.a(lib_a-memcpy.o)
 .data          0x00111b70        0x0 /opt/altera/13.0sp1/nios2eds/bin/gnu/H-i686-pc-linux-gnu/bin/../lib/gcc/nios2-elf/4.1.2/../../../../nios2-elf/lib/mno-hw-mul/libc.a(lib_a-printf.o)
 .data          0x00111b70        0x0 /opt/altera/13.0sp1/nios2eds/bin/gnu/H-i686-pc-linux-gnu/bin/../lib/gcc/nios2-elf/4.1.2/../../../../nios2-elf/lib/mno-hw-mul/libc.a(lib_a-putc.o)
 .data          0x00111b70        0x0 /opt/altera/13.0sp1/nios2eds/bin/gnu/H-i686-pc-linux-gnu/bin/../lib/gcc/nios2-elf/4.1.2/../../../../nios2-elf/lib/mno-hw-mul/libc.a(lib_a-puts.o)
 .data          0x00111b70        0x0 /opt/altera/13.0sp1/nios2eds/bin/gnu/H-i686-pc-linux-gnu/bin/../lib/gcc/nios2-elf/4.1.2/../../../../nios2-elf/lib/mno-hw-mul/libc.a(lib_a-strlen.o)
 .data          0x00111b70        0x0 /opt/altera/13.0sp1/nios2eds/bin/gnu/H-i686-pc-linux-gnu/bin/../lib/gcc/nios2-elf/4.1.2/../../../../nios2-elf/lib/mno-hw-mul/libc.a(lib_a-vfprintf.o)
 .data          0x00111b70        0x0 /opt/altera/13.0sp1/nios2eds/bin/gnu/H-i686-pc-linux-gnu/bin/../lib/gcc/nios2-elf/4.1.2/../../../../nios2-elf/lib/mno-hw-mul/libc.a(lib_a-wbuf.o)
 .data          0x00111b70        0x0 /opt/altera/13.0sp1/nios2eds/bin/gnu/H-i686-pc-linux-gnu/bin/../lib/gcc/nios2-elf/4.1.2/../../../../nios2-elf/lib/mno-hw-mul/libc.a(lib_a-wsetup.o)
 .data          0x00111b70        0x0 /opt/altera/13.0sp1/nios2eds/bin/gnu/H-i686-pc-linux-gnu/bin/../lib/gcc/nios2-elf/4.1.2/../../../../nios2-elf/lib/mno-hw-mul/libc.a(lib_a-dtoa.o)
 .data          0x00111b70        0x0 /opt/altera/13.0sp1/nios2eds/bin/gnu/H-i686-pc-linux-gnu/bin/../lib/gcc/nios2-elf/4.1.2/../../../../nios2-elf/lib/mno-hw-mul/libc.a(lib_a-fflush.o)
 .data          0x00111b70        0x0 /opt/altera/13.0sp1/nios2eds/bin/gnu/H-i686-pc-linux-gnu/bin/../lib/gcc/nios2-elf/4.1.2/../../../../nios2-elf/lib/mno-hw-mul/libc.a(lib_a-findfp.o)
 .data          0x00111b70        0x0 /opt/altera/13.0sp1/nios2eds/bin/gnu/H-i686-pc-linux-gnu/bin/../lib/gcc/nios2-elf/4.1.2/../../../../nios2-elf/lib/mno-hw-mul/libc.a(lib_a-freer.o)
 .data          0x00111b70        0x0 /opt/altera/13.0sp1/nios2eds/bin/gnu/H-i686-pc-linux-gnu/bin/../lib/gcc/nios2-elf/4.1.2/../../../../nios2-elf/lib/mno-hw-mul/libc.a(lib_a-fvwrite.o)
 .data          0x00111b70        0x0 /opt/altera/13.0sp1/nios2eds/bin/gnu/H-i686-pc-linux-gnu/bin/../lib/gcc/nios2-elf/4.1.2/../../../../nios2-elf/lib/mno-hw-mul/libc.a(lib_a-fwalk.o)
 .data          0x00111b70        0xc /opt/altera/13.0sp1/nios2eds/bin/gnu/H-i686-pc-linux-gnu/bin/../lib/gcc/nios2-elf/4.1.2/../../../../nios2-elf/lib/mno-hw-mul/libc.a(lib_a-locale.o)
                0x00111b70                __lc_ctype
 .data          0x00111b7c        0x0 /opt/altera/13.0sp1/nios2eds/bin/gnu/H-i686-pc-linux-gnu/bin/../lib/gcc/nios2-elf/4.1.2/../../../../nios2-elf/lib/mno-hw-mul/libc.a(lib_a-makebuf.o)
 .data          0x00111b7c      0x408 /opt/altera/13.0sp1/nios2eds/bin/gnu/H-i686-pc-linux-gnu/bin/../lib/gcc/nios2-elf/4.1.2/../../../../nios2-elf/lib/mno-hw-mul/libc.a(lib_a-mallocr.o)
                0x00111b7c                __malloc_av_
 .data          0x00111f84        0x0 /opt/altera/13.0sp1/nios2eds/bin/gnu/H-i686-pc-linux-gnu/bin/../lib/gcc/nios2-elf/4.1.2/../../../../nios2-elf/lib/mno-hw-mul/libc.a(lib_a-memchr.o)
 .data          0x00111f84        0x0 /opt/altera/13.0sp1/nios2eds/bin/gnu/H-i686-pc-linux-gnu/bin/../lib/gcc/nios2-elf/4.1.2/../../../../nios2-elf/lib/mno-hw-mul/libc.a(lib_a-memmove.o)
 .data          0x00111f84        0x0 /opt/altera/13.0sp1/nios2eds/bin/gnu/H-i686-pc-linux-gnu/bin/../lib/gcc/nios2-elf/4.1.2/../../../../nios2-elf/lib/mno-hw-mul/libc.a(lib_a-memset.o)
 .data          0x00111f84        0x0 /opt/altera/13.0sp1/nios2eds/bin/gnu/H-i686-pc-linux-gnu/bin/../lib/gcc/nios2-elf/4.1.2/../../../../nios2-elf/lib/mno-hw-mul/libc.a(lib_a-mprec.o)
 .data          0x00111f84        0x0 /opt/altera/13.0sp1/nios2eds/bin/gnu/H-i686-pc-linux-gnu/bin/../lib/gcc/nios2-elf/4.1.2/../../../../nios2-elf/lib/mno-hw-mul/libc.a(lib_a-reallocr.o)
 .data          0x00111f84        0x0 /opt/altera/13.0sp1/nios2eds/bin/gnu/H-i686-pc-linux-gnu/bin/../lib/gcc/nios2-elf/4.1.2/../../../../nios2-elf/lib/mno-hw-mul/libc.a(lib_a-s_isinfd.o)
 .data          0x00111f84        0x0 /opt/altera/13.0sp1/nios2eds/bin/gnu/H-i686-pc-linux-gnu/bin/../lib/gcc/nios2-elf/4.1.2/../../../../nios2-elf/lib/mno-hw-mul/libc.a(lib_a-s_isnand.o)
 .data          0x00111f84        0x0 /opt/altera/13.0sp1/nios2eds/bin/gnu/H-i686-pc-linux-gnu/bin/../lib/gcc/nios2-elf/4.1.2/../../../../nios2-elf/lib/mno-hw-mul/libc.a(lib_a-sbrkr.o)
 .data          0x00111f84        0x0 /opt/altera/13.0sp1/nios2eds/bin/gnu/H-i686-pc-linux-gnu/bin/../lib/gcc/nios2-elf/4.1.2/../../../../nios2-elf/lib/mno-hw-mul/libc.a(lib_a-stdio.o)
 .data          0x00111f84        0x0 /opt/altera/13.0sp1/nios2eds/bin/gnu/H-i686-pc-linux-gnu/bin/../lib/gcc/nios2-elf/4.1.2/../../../../nios2-elf/lib/mno-hw-mul/libc.a(lib_a-strcmp.o)
 .data          0x00111f84        0x0 /opt/altera/13.0sp1/nios2eds/bin/gnu/H-i686-pc-linux-gnu/bin/../lib/gcc/nios2-elf/4.1.2/../../../../nios2-elf/lib/mno-hw-mul/libc.a(lib_a-writer.o)
 .data          0x00111f84        0x0 /opt/altera/13.0sp1/nios2eds/bin/gnu/H-i686-pc-linux-gnu/bin/../lib/gcc/nios2-elf/4.1.2/../../../../nios2-elf/lib/mno-hw-mul/libc.a(lib_a-callocr.o)
 .data          0x00111f84        0x0 /opt/altera/13.0sp1/nios2eds/bin/gnu/H-i686-pc-linux-gnu/bin/../lib/gcc/nios2-elf/4.1.2/../../../../nios2-elf/lib/mno-hw-mul/libc.a(lib_a-closer.o)
 .data          0x00111f84        0x0 /opt/altera/13.0sp1/nios2eds/bin/gnu/H-i686-pc-linux-gnu/bin/../lib/gcc/nios2-elf/4.1.2/../../../../nios2-elf/lib/mno-hw-mul/libc.a(lib_a-fclose.o)
 .data          0x00111f84        0x0 /opt/altera/13.0sp1/nios2eds/bin/gnu/H-i686-pc-linux-gnu/bin/../lib/gcc/nios2-elf/4.1.2/../../../../nios2-elf/lib/mno-hw-mul/libc.a(lib_a-fstatr.o)
 .data          0x00111f84        0x0 /opt/altera/13.0sp1/nios2eds/bin/gnu/H-i686-pc-linux-gnu/bin/../lib/gcc/nios2-elf/4.1.2/../../../../nios2-elf/lib/mno-hw-mul/libc.a(lib_a-int_errno.o)
 .data          0x00111f84        0x0 /opt/altera/13.0sp1/nios2eds/bin/gnu/H-i686-pc-linux-gnu/bin/../lib/gcc/nios2-elf/4.1.2/../../../../nios2-elf/lib/mno-hw-mul/libc.a(lib_a-isattyr.o)
 .data          0x00111f84        0x0 /opt/altera/13.0sp1/nios2eds/bin/gnu/H-i686-pc-linux-gnu/bin/../lib/gcc/nios2-elf/4.1.2/../../../../nios2-elf/lib/mno-hw-mul/libc.a(lib_a-lseekr.o)
 .data          0x00111f84        0x0 /opt/altera/13.0sp1/nios2eds/bin/gnu/H-i686-pc-linux-gnu/bin/../lib/gcc/nios2-elf/4.1.2/../../../../nios2-elf/lib/mno-hw-mul/libc.a(lib_a-readr.o)
 .data          0x00111f84        0x0 /opt/altera/13.0sp1/nios2eds/bin/gnu/H-i686-pc-linux-gnu/bin/../lib/gcc/nios2-elf/4.1.2/mno-hw-mul/libgcc.a(_udivdi3.o)
 .data          0x00111f84        0x0 /opt/altera/13.0sp1/nios2eds/bin/gnu/H-i686-pc-linux-gnu/bin/../lib/gcc/nios2-elf/4.1.2/mno-hw-mul/libgcc.a(_umoddi3.o)
 .data          0x00111f84        0x0 /opt/altera/13.0sp1/nios2eds/bin/gnu/H-i686-pc-linux-gnu/bin/../lib/gcc/nios2-elf/4.1.2/mno-hw-mul/libgcc.a(_addsub_df.o)
 .data          0x00111f84        0x0 /opt/altera/13.0sp1/nios2eds/bin/gnu/H-i686-pc-linux-gnu/bin/../lib/gcc/nios2-elf/4.1.2/mno-hw-mul/libgcc.a(_mul_df.o)
 .data          0x00111f84        0x0 /opt/altera/13.0sp1/nios2eds/bin/gnu/H-i686-pc-linux-gnu/bin/../lib/gcc/nios2-elf/4.1.2/mno-hw-mul/libgcc.a(_div_df.o)
 .data          0x00111f84        0x0 /opt/altera/13.0sp1/nios2eds/bin/gnu/H-i686-pc-linux-gnu/bin/../lib/gcc/nios2-elf/4.1.2/mno-hw-mul/libgcc.a(_eq_df.o)
 .data          0x00111f84        0x0 /opt/altera/13.0sp1/nios2eds/bin/gnu/H-i686-pc-linux-gnu/bin/../lib/gcc/nios2-elf/4.1.2/mno-hw-mul/libgcc.a(_ne_df.o)
 .data          0x00111f84        0x0 /opt/altera/13.0sp1/nios2eds/bin/gnu/H-i686-pc-linux-gnu/bin/../lib/gcc/nios2-elf/4.1.2/mno-hw-mul/libgcc.a(_gt_df.o)
 .data          0x00111f84        0x0 /opt/altera/13.0sp1/nios2eds/bin/gnu/H-i686-pc-linux-gnu/bin/../lib/gcc/nios2-elf/4.1.2/mno-hw-mul/libgcc.a(_ge_df.o)
 .data          0x00111f84        0x0 /opt/altera/13.0sp1/nios2eds/bin/gnu/H-i686-pc-linux-gnu/bin/../lib/gcc/nios2-elf/4.1.2/mno-hw-mul/libgcc.a(_lt_df.o)
 .data          0x00111f84        0x0 /opt/altera/13.0sp1/nios2eds/bin/gnu/H-i686-pc-linux-gnu/bin/../lib/gcc/nios2-elf/4.1.2/mno-hw-mul/libgcc.a(_si_to_df.o)
 .data          0x00111f84        0x0 /opt/altera/13.0sp1/nios2eds/bin/gnu/H-i686-pc-linux-gnu/bin/../lib/gcc/nios2-elf/4.1.2/mno-hw-mul/libgcc.a(_df_to_si.o)
 .data          0x00111f84        0x0 /opt/altera/13.0sp1/nios2eds/bin/gnu/H-i686-pc-linux-gnu/bin/../lib/gcc/nios2-elf/4.1.2/mno-hw-mul/libgcc.a(_thenan_df.o)
 .data          0x00111f84        0x0 /opt/altera/13.0sp1/nios2eds/bin/gnu/H-i686-pc-linux-gnu/bin/../lib/gcc/nios2-elf/4.1.2/mno-hw-mul/libgcc.a(_usi_to_df.o)
 .data          0x00111f84        0x0 /opt/altera/13.0sp1/nios2eds/bin/gnu/H-i686-pc-linux-gnu/bin/../lib/gcc/nios2-elf/4.1.2/mno-hw-mul/libgcc.a(lib2-divmod.o)
 .data          0x00111f84        0x0 /opt/altera/13.0sp1/nios2eds/bin/gnu/H-i686-pc-linux-gnu/bin/../lib/gcc/nios2-elf/4.1.2/mno-hw-mul/libgcc.a(lib2-mul.o)
 .data          0x00111f84        0x0 /opt/altera/13.0sp1/nios2eds/bin/gnu/H-i686-pc-linux-gnu/bin/../lib/gcc/nios2-elf/4.1.2/mno-hw-mul/libgcc.a(_muldi3.o)
 .data          0x00111f84        0x0 /opt/altera/13.0sp1/nios2eds/bin/gnu/H-i686-pc-linux-gnu/bin/../lib/gcc/nios2-elf/4.1.2/mno-hw-mul/libgcc.a(_clz.o)
 .data          0x00111f84        0x0 /opt/altera/13.0sp1/nios2eds/bin/gnu/H-i686-pc-linux-gnu/bin/../lib/gcc/nios2-elf/4.1.2/mno-hw-mul/libgcc.a(_clzsi2.o)
 .data          0x00111f84        0x0 /opt/altera/13.0sp1/nios2eds/bin/gnu/H-i686-pc-linux-gnu/bin/../lib/gcc/nios2-elf/4.1.2/mno-hw-mul/libgcc.a(_pack_df.o)
 .data          0x00111f84        0x0 /opt/altera/13.0sp1/nios2eds/bin/gnu/H-i686-pc-linux-gnu/bin/../lib/gcc/nios2-elf/4.1.2/mno-hw-mul/libgcc.a(_unpack_df.o)
 .data          0x00111f84        0x0 /opt/altera/13.0sp1/nios2eds/bin/gnu/H-i686-pc-linux-gnu/bin/../lib/gcc/nios2-elf/4.1.2/mno-hw-mul/libgcc.a(_fpcmp_parts_df.o)
 .data          0x00111f84        0x0 ../bsp//libucosii_bsp.a(alt_close.o)
 .data          0x00111f84      0x1a8 ../bsp//libucosii_bsp.a(alt_dev.o)
                0x00111f84                alt_dev_null
                0x00111fac                alt_fd_list
 .data          0x0011212c        0x0 ../bsp//libucosii_bsp.a(alt_errno.o)
 .data          0x0011212c        0x0 ../bsp//libucosii_bsp.a(alt_fstat.o)
 .data          0x0011212c        0x0 ../bsp//libucosii_bsp.a(alt_isatty.o)
 .data          0x0011212c        0x0 ../bsp//libucosii_bsp.a(alt_load.o)
 .data          0x0011212c        0x0 ../bsp//libucosii_bsp.a(alt_lseek.o)
 .data          0x0011212c        0x0 ../bsp//libucosii_bsp.a(alt_main.o)
 .data          0x0011212c        0x0 ../bsp//libucosii_bsp.a(alt_read.o)
 .data          0x0011212c        0x0 ../bsp//libucosii_bsp.a(alt_release_fd.o)
 .data          0x0011212c        0x0 ../bsp//libucosii_bsp.a(alt_sbrk.o)
 .data          0x0011212c        0x0 ../bsp//libucosii_bsp.a(alt_write.o)
 .data          0x0011212c        0x0 ../bsp//libucosii_bsp.a(alt_env_lock.o)
 .data          0x0011212c        0x0 ../bsp//libucosii_bsp.a(alt_malloc_lock.o)
 .data          0x0011212c        0x0 ../bsp//libucosii_bsp.a(os_core.o)
 .data          0x0011212c        0x0 ../bsp//libucosii_bsp.a(os_dbg.o)
 .data          0x0011212c        0x0 ../bsp//libucosii_bsp.a(os_flag.o)
 .data          0x0011212c        0x0 ../bsp//libucosii_bsp.a(os_mem.o)
 .data          0x0011212c        0x0 ../bsp//libucosii_bsp.a(os_q.o)
 .data          0x0011212c        0x0 ../bsp//libucosii_bsp.a(os_sem.o)
 .data          0x0011212c        0x0 ../bsp//libucosii_bsp.a(os_task.o)
 .data          0x0011212c        0x0 ../bsp//libucosii_bsp.a(os_time.o)
 .data          0x0011212c        0x0 ../bsp//libucosii_bsp.a(os_tmr.o)
 .data          0x0011212c     0x1098 ../bsp//libucosii_bsp.a(alt_sys_init.o)
 .data          0x001131c4        0x0 ../bsp//libucosii_bsp.a(altera_avalon_jtag_uart_fd.o)
 .data          0x001131c4        0x0 ../bsp//libucosii_bsp.a(altera_avalon_jtag_uart_init.o)
 .data          0x001131c4        0x0 ../bsp//libucosii_bsp.a(altera_avalon_jtag_uart_ioctl.o)
 .data          0x001131c4        0x0 ../bsp//libucosii_bsp.a(altera_avalon_jtag_uart_read.o)
 .data          0x001131c4        0x0 ../bsp//libucosii_bsp.a(altera_avalon_jtag_uart_write.o)
 .data          0x001131c4        0x0 ../bsp//libucosii_bsp.a(altera_avalon_timer_sc.o)
 .data          0x001131c4        0x0 ../bsp//libucosii_bsp.a(altera_up_avalon_character_lcd.o)
 .data          0x001131c4        0x0 ../bsp//libucosii_bsp.a(alt_alarm_start.o)
 .data          0x001131c4        0x0 ../bsp//libucosii_bsp.a(alt_dcache_flush_all.o)
 .data          0x001131c4        0x0 ../bsp//libucosii_bsp.a(alt_dev_llist_insert.o)
 .data          0x001131c4        0x0 ../bsp//libucosii_bsp.a(alt_do_ctors.o)
 .data          0x001131c4        0x0 ../bsp//libucosii_bsp.a(alt_do_dtors.o)
 .data          0x001131c4        0x0 ../bsp//libucosii_bsp.a(alt_find_dev.o)
 .data          0x001131c4        0x0 ../bsp//libucosii_bsp.a(alt_icache_flush_all.o)
 .data          0x001131c4        0x0 ../bsp//libucosii_bsp.a(alt_iic.o)
 .data          0x001131c4        0x0 ../bsp//libucosii_bsp.a(alt_iic_isr_register.o)
 .data          0x001131c4        0x0 ../bsp//libucosii_bsp.a(alt_io_redirect.o)
 .data          0x001131c4        0x0 ../bsp//libucosii_bsp.a(alt_irq_entry.o)
 .data          0x001131c4        0x0 ../bsp//libucosii_bsp.a(alt_irq_handler.o)
 .data          0x001131c4        0x0 ../bsp//libucosii_bsp.a(alt_irq_vars.o)
 .data          0x001131c4        0x0 ../bsp//libucosii_bsp.a(alt_open.o)
 .data          0x001131c4        0x0 ../bsp//libucosii_bsp.a(alt_tick.o)
 .data          0x001131c4        0x0 ../bsp//libucosii_bsp.a(altera_nios2_qsys_irq.o)
 .data          0x001131c4        0x0 ../bsp//libucosii_bsp.a(os_cpu_a.o)
 .data          0x001131c4        0x0 ../bsp//libucosii_bsp.a(os_cpu_c.o)
 .data          0x001131c4        0x0 ../bsp//libucosii_bsp.a(alt_exception_entry.o)
 .data          0x001131c4        0x0 ../bsp//libucosii_bsp.a(alt_find_file.o)
 .data          0x001131c4        0x0 ../bsp//libucosii_bsp.a(alt_get_fd.o)
 .data          0x001131c4        0x0 /opt/altera/13.0sp1/nios2eds/bin/gnu/H-i686-pc-linux-gnu/bin/../lib/gcc/nios2-elf/4.1.2/../../../../nios2-elf/lib/mno-hw-mul/libc.a(lib_a-atexit.o)
 .data          0x001131c4        0x0 /opt/altera/13.0sp1/nios2eds/bin/gnu/H-i686-pc-linux-gnu/bin/../lib/gcc/nios2-elf/4.1.2/../../../../nios2-elf/lib/mno-hw-mul/libc.a(lib_a-exit.o)
 .data          0x001131c4        0x0 /opt/altera/13.0sp1/nios2eds/bin/gnu/H-i686-pc-linux-gnu/bin/../lib/gcc/nios2-elf/4.1.2/../../../../nios2-elf/lib/mno-hw-mul/libc.a(lib_a-memcmp.o)
 .data          0x001131c4        0x0 /opt/altera/13.0sp1/nios2eds/bin/gnu/H-i686-pc-linux-gnu/bin/../lib/gcc/nios2-elf/4.1.2/../../../../nios2-elf/lib/mno-hw-mul/libc.a(lib_a-__atexit.o)
 .data          0x001131c4        0x0 /opt/altera/13.0sp1/nios2eds/bin/gnu/H-i686-pc-linux-gnu/bin/../lib/gcc/nios2-elf/4.1.2/../../../../nios2-elf/lib/mno-hw-mul/libc.a(lib_a-__call_atexit.o)
 .data          0x001131c4        0x0 /opt/altera/13.0sp1/nios2eds/bin/gnu/H-i686-pc-linux-gnu/bin/../lib/gcc/nios2-elf/4.1.2/mno-hw-mul/libgcc.a(_fixunsdfsi.o)
 .data          0x001131c4        0x0 ../bsp//libucosii_bsp.a(alt_exit.o)
                0x0011b1c4                _gp = ABSOLUTE ((. + 0x8000))
                0x0011b1c4                PROVIDE (gp, _gp)
 *(.rwdata .rwdata.*)
 *(.sdata .sdata.* .gnu.linkonce.s.*)
 .sdata         0x001131c4        0x8 /opt/altera/13.0sp1/nios2eds/bin/gnu/H-i686-pc-linux-gnu/bin/../lib/gcc/nios2-elf/4.1.2/../../../../nios2-elf/lib/mno-hw-mul/libc.a(lib_a-impure.o)
                0x001131c4                _impure_ptr
                0x001131c8                _global_impure_ptr
 .sdata         0x001131cc        0x8 /opt/altera/13.0sp1/nios2eds/bin/gnu/H-i686-pc-linux-gnu/bin/../lib/gcc/nios2-elf/4.1.2/../../../../nios2-elf/lib/mno-hw-mul/libc.a(lib_a-locale.o)
                0x001131cc                __mb_cur_max
 .sdata         0x001131d4        0x8 /opt/altera/13.0sp1/nios2eds/bin/gnu/H-i686-pc-linux-gnu/bin/../lib/gcc/nios2-elf/4.1.2/../../../../nios2-elf/lib/mno-hw-mul/libc.a(lib_a-mallocr.o)
                0x001131d4                __malloc_trim_threshold
                0x001131d8                __malloc_sbrk_base
 .sdata         0x001131dc       0x14 ../bsp//libucosii_bsp.a(alt_dev.o)
                0x001131dc                alt_fs_list
                0x001131e4                alt_dev_list
                0x001131ec                alt_max_fd
 .sdata         0x001131f0        0x4 ../bsp//libucosii_bsp.a(alt_errno.o)
                0x001131f0                alt_errno
 .sdata         0x001131f4        0x4 ../bsp//libucosii_bsp.a(alt_sbrk.o)
 .sdata         0x001131f8        0x4 ../bsp//libucosii_bsp.a(alt_env_lock.o)
 .sdata         0x001131fc        0x4 ../bsp//libucosii_bsp.a(alt_malloc_lock.o)
 .sdata         0x00113200       0x74 ../bsp//libucosii_bsp.a(os_dbg.o)
                0x00113200                OSDebugEn
                0x00113204                OSEndiannessTest
                0x00113208                OSEventEn
                0x0011320a                OSEventMax
                0x0011320c                OSEventNameSize
                0x0011320e                OSEventSize
                0x00113210                OSEventTblSize
                0x00113212                OSEventMultiEn
                0x00113214                OSFlagEn
                0x00113216                OSFlagGrpSize
                0x00113218                OSFlagNodeSize
                0x0011321a                OSFlagWidth
                0x0011321c                OSFlagMax
                0x0011321e                OSFlagNameSize
                0x00113220                OSLowestPrio
                0x00113222                OSMboxEn
                0x00113224                OSMemEn
                0x00113226                OSMemMax
                0x00113228                OSMemNameSize
                0x0011322a                OSMemSize
                0x0011322c                OSMemTblSize
                0x0011322e                OSMutexEn
                0x00113230                OSPtrSize
                0x00113232                OSQEn
                0x00113234                OSQMax
                0x00113236                OSQSize
                0x00113238                OSRdyTblSize
                0x0011323a                OSSemEn
                0x0011323c                OSStkWidth
                0x0011323e                OSTaskCreateEn
                0x00113240                OSTaskCreateExtEn
                0x00113242                OSTaskDelEn
                0x00113244                OSTaskIdleStkSize
                0x00113246                OSTaskProfileEn
                0x00113248                OSTaskMax
                0x0011324a                OSTaskNameSize
                0x0011324c                OSTaskStatEn
                0x0011324e                OSTaskStatStkSize
                0x00113250                OSTaskStatStkChkEn
                0x00113252                OSTaskSwHookEn
                0x00113254                OSTCBPrioTblMax
                0x00113256                OSTCBSize
                0x00113258                OSTicksPerSec
                0x0011325a                OSTimeTickHookEn
                0x0011325c                OSVersionNbr
                0x0011325e                OSTmrEn
                0x00113260                OSTmrCfgMax
                0x00113262                OSTmrCfgNameSize
                0x00113264                OSTmrCfgWheelSize
                0x00113266                OSTmrCfgTicksPerSec
                0x00113268                OSTmrSize
                0x0011326a                OSTmrTblSize
                0x0011326c                OSTmrWheelSize
                0x0011326e                OSTmrWheelTblSize
                0x00113270                OSDataSize
 .sdata         0x00113274        0x4 ../bsp//libucosii_bsp.a(alt_irq_vars.o)
                0x00113274                alt_priority_mask
 .sdata         0x00113278        0x8 ../bsp//libucosii_bsp.a(alt_tick.o)
                0x00113278                alt_alarm_list
 *(.sdata2 .sdata2.* .gnu.linkonce.s2.*)
                0x00113280                . = ALIGN (0x4)
                0x00113280                _edata = ABSOLUTE (.)
                0x00113280                PROVIDE (edata, ABSOLUTE (.))
                0x00113280                PROVIDE (__ram_rwdata_end, ABSOLUTE (.))
                0x00113280                PROVIDE (__flash_rwdata_start, LOADADDR (.rwdata))

.bss            0x00114d90     0xa0e4
                0x00114d90                __bss_start = ABSOLUTE (.)
                0x00114d90                PROVIDE (__sbss_start, ABSOLUTE (.))
                0x00114d90                PROVIDE (___sbss_start, ABSOLUTE (.))
 *(.dynsbss)
 *(.sbss .sbss.* .gnu.linkonce.sb.*)
 .sbss          0x00114d90        0x4 obj/default/TwoTasks.o
                0x00114d90                sem
 .sbss          0x00114d94        0xc /opt/altera/13.0sp1/nios2eds/bin/gnu/H-i686-pc-linux-gnu/bin/../lib/gcc/nios2-elf/4.1.2/../../../../nios2-elf/lib/mno-hw-mul/libc.a(lib_a-locale.o)
                0x00114d94                __nlocale_changed
                0x00114d98                __mlocale_changed
                0x00114d9c                _PathLocale
 .sbss          0x00114da0        0xc /opt/altera/13.0sp1/nios2eds/bin/gnu/H-i686-pc-linux-gnu/bin/../lib/gcc/nios2-elf/4.1.2/../../../../nios2-elf/lib/mno-hw-mul/libc.a(lib_a-mallocr.o)
                0x00114da0                __malloc_top_pad
                0x00114da4                __malloc_max_sbrked_mem
                0x00114da8                __malloc_max_total_mem
 .sbss          0x00114dac        0x4 /opt/altera/13.0sp1/nios2eds/bin/gnu/H-i686-pc-linux-gnu/bin/../lib/gcc/nios2-elf/4.1.2/../../../../nios2-elf/lib/mno-hw-mul/libc.a(lib_a-int_errno.o)
                0x00114dac                errno
 .sbss          0x00114db0        0x4 ../bsp//libucosii_bsp.a(alt_dev.o)
                0x00114db0                alt_fd_list_lock
 .sbss          0x00114db4        0xc ../bsp//libucosii_bsp.a(alt_main.o)
                0x00114db4                alt_argc
                0x00114db8                alt_argv
                0x00114dbc                alt_envp
 .sbss          0x00114dc0        0x8 ../bsp//libucosii_bsp.a(alt_env_lock.o)
                0x00114dc4                alt_envsem
 .sbss          0x00114dc8        0x8 ../bsp//libucosii_bsp.a(alt_malloc_lock.o)
                0x00114dcc                alt_heapsem
 .sbss          0x00114dd0       0x68 ../bsp//libucosii_bsp.a(os_core.o)
                0x00114dd0                OSTmrFreeList
                0x00114dd4                OSLockNesting
                0x00114dd8                OSTmrSemSignal
                0x00114ddc                OSRunning
                0x00114de0                OSIdleCtr
                0x00114de4                OSTmrUsed
                0x00114de6                OSPrioHighRdy
                0x00114de7                OSPrioCur
                0x00114de8                OSTCBList
                0x00114dec                OSTickStepState
                0x00114df0                OSCtxSwCtr
                0x00114df4                OSTmrFree
                0x00114df8                OSIdleCtrMax
                0x00114dfc                OSTCBFreeList
                0x00114e00                OSCPUUsage
                0x00114e01                OSTaskCtr
                0x00114e04                OSMemFreeList
                0x00114e08                OSTCBHighRdy
                0x00114e0c                OSQFreeList
                0x00114e10                OSRdyGrp
                0x00114e11                OSRdyTbl
                0x00114e14                OSEventFreeList
                0x00114e18                OSIntNesting
                0x00114e1c                OSTCBCur
                0x00114e20                OSTmrTime
                0x00114e24                OSTime
                0x00114e28                OSTmrSem
                0x00114e2c                OSFlagFreeList
                0x00114e30                OSStatRdy
                0x00114e34                OSIdleCtrRun
 .sbss          0x00114e38        0x4 ../bsp//libucosii_bsp.a(alt_irq_vars.o)
                0x00114e38                alt_irq_active
 .sbss          0x00114e3c        0x8 ../bsp//libucosii_bsp.a(alt_tick.o)
                0x00114e3c                _alt_tick_rate
                0x00114e40                _alt_nticks
 .sbss          0x00114e44        0x2 ../bsp//libucosii_bsp.a(os_cpu_c.o)
 *(.sbss2 .sbss2.* .gnu.linkonce.sb2.*)
 *(.scommon)
                0x00114e46                PROVIDE (__sbss_end, ABSOLUTE (.))
                0x00114e46                PROVIDE (___sbss_end, ABSOLUTE (.))
 *(.dynbss)
 *(.bss .bss.* .gnu.linkonce.b.*)
 .bss           0x00114e46        0x0 ../bsp//obj/HAL/src/crt0.o
 .bss           0x00114e46        0x0 obj/default/TwoTasks.o
 .bss           0x00114e46        0x0 /opt/altera/13.0sp1/nios2eds/bin/gnu/H-i686-pc-linux-gnu/bin/../lib/gcc/nios2-elf/4.1.2/../../../../nios2-elf/lib/mno-hw-mul/libc.a(lib_a-impure.o)
 .bss           0x00114e46        0x0 /opt/altera/13.0sp1/nios2eds/bin/gnu/H-i686-pc-linux-gnu/bin/../lib/gcc/nios2-elf/4.1.2/../../../../nios2-elf/lib/mno-hw-mul/libc.a(lib_a-memcpy.o)
 .bss           0x00114e46        0x0 /opt/altera/13.0sp1/nios2eds/bin/gnu/H-i686-pc-linux-gnu/bin/../lib/gcc/nios2-elf/4.1.2/../../../../nios2-elf/lib/mno-hw-mul/libc.a(lib_a-printf.o)
 .bss           0x00114e46        0x0 /opt/altera/13.0sp1/nios2eds/bin/gnu/H-i686-pc-linux-gnu/bin/../lib/gcc/nios2-elf/4.1.2/../../../../nios2-elf/lib/mno-hw-mul/libc.a(lib_a-putc.o)
 .bss           0x00114e46        0x0 /opt/altera/13.0sp1/nios2eds/bin/gnu/H-i686-pc-linux-gnu/bin/../lib/gcc/nios2-elf/4.1.2/../../../../nios2-elf/lib/mno-hw-mul/libc.a(lib_a-puts.o)
 .bss           0x00114e46        0x0 /opt/altera/13.0sp1/nios2eds/bin/gnu/H-i686-pc-linux-gnu/bin/../lib/gcc/nios2-elf/4.1.2/../../../../nios2-elf/lib/mno-hw-mul/libc.a(lib_a-strlen.o)
 .bss           0x00114e46        0x0 /opt/altera/13.0sp1/nios2eds/bin/gnu/H-i686-pc-linux-gnu/bin/../lib/gcc/nios2-elf/4.1.2/../../../../nios2-elf/lib/mno-hw-mul/libc.a(lib_a-vfprintf.o)
 .bss           0x00114e46        0x0 /opt/altera/13.0sp1/nios2eds/bin/gnu/H-i686-pc-linux-gnu/bin/../lib/gcc/nios2-elf/4.1.2/../../../../nios2-elf/lib/mno-hw-mul/libc.a(lib_a-wbuf.o)
 .bss           0x00114e46        0x0 /opt/altera/13.0sp1/nios2eds/bin/gnu/H-i686-pc-linux-gnu/bin/../lib/gcc/nios2-elf/4.1.2/../../../../nios2-elf/lib/mno-hw-mul/libc.a(lib_a-wsetup.o)
 .bss           0x00114e46        0x0 /opt/altera/13.0sp1/nios2eds/bin/gnu/H-i686-pc-linux-gnu/bin/../lib/gcc/nios2-elf/4.1.2/../../../../nios2-elf/lib/mno-hw-mul/libc.a(lib_a-dtoa.o)
 .bss           0x00114e46        0x0 /opt/altera/13.0sp1/nios2eds/bin/gnu/H-i686-pc-linux-gnu/bin/../lib/gcc/nios2-elf/4.1.2/../../../../nios2-elf/lib/mno-hw-mul/libc.a(lib_a-fflush.o)
 .bss           0x00114e46        0x0 /opt/altera/13.0sp1/nios2eds/bin/gnu/H-i686-pc-linux-gnu/bin/../lib/gcc/nios2-elf/4.1.2/../../../../nios2-elf/lib/mno-hw-mul/libc.a(lib_a-findfp.o)
 .bss           0x00114e46        0x0 /opt/altera/13.0sp1/nios2eds/bin/gnu/H-i686-pc-linux-gnu/bin/../lib/gcc/nios2-elf/4.1.2/../../../../nios2-elf/lib/mno-hw-mul/libc.a(lib_a-freer.o)
 .bss           0x00114e46        0x0 /opt/altera/13.0sp1/nios2eds/bin/gnu/H-i686-pc-linux-gnu/bin/../lib/gcc/nios2-elf/4.1.2/../../../../nios2-elf/lib/mno-hw-mul/libc.a(lib_a-fvwrite.o)
 .bss           0x00114e46        0x0 /opt/altera/13.0sp1/nios2eds/bin/gnu/H-i686-pc-linux-gnu/bin/../lib/gcc/nios2-elf/4.1.2/../../../../nios2-elf/lib/mno-hw-mul/libc.a(lib_a-fwalk.o)
 .bss           0x00114e46        0x0 /opt/altera/13.0sp1/nios2eds/bin/gnu/H-i686-pc-linux-gnu/bin/../lib/gcc/nios2-elf/4.1.2/../../../../nios2-elf/lib/mno-hw-mul/libc.a(lib_a-locale.o)
 .bss           0x00114e46        0x0 /opt/altera/13.0sp1/nios2eds/bin/gnu/H-i686-pc-linux-gnu/bin/../lib/gcc/nios2-elf/4.1.2/../../../../nios2-elf/lib/mno-hw-mul/libc.a(lib_a-makebuf.o)
 *fill*         0x00114e46        0x2 00
 .bss           0x00114e48       0x28 /opt/altera/13.0sp1/nios2eds/bin/gnu/H-i686-pc-linux-gnu/bin/../lib/gcc/nios2-elf/4.1.2/../../../../nios2-elf/lib/mno-hw-mul/libc.a(lib_a-mallocr.o)
                0x00114e48                __malloc_current_mallinfo
 .bss           0x00114e70        0x0 /opt/altera/13.0sp1/nios2eds/bin/gnu/H-i686-pc-linux-gnu/bin/../lib/gcc/nios2-elf/4.1.2/../../../../nios2-elf/lib/mno-hw-mul/libc.a(lib_a-memchr.o)
 .bss           0x00114e70        0x0 /opt/altera/13.0sp1/nios2eds/bin/gnu/H-i686-pc-linux-gnu/bin/../lib/gcc/nios2-elf/4.1.2/../../../../nios2-elf/lib/mno-hw-mul/libc.a(lib_a-memmove.o)
 .bss           0x00114e70        0x0 /opt/altera/13.0sp1/nios2eds/bin/gnu/H-i686-pc-linux-gnu/bin/../lib/gcc/nios2-elf/4.1.2/../../../../nios2-elf/lib/mno-hw-mul/libc.a(lib_a-memset.o)
 .bss           0x00114e70        0x0 /opt/altera/13.0sp1/nios2eds/bin/gnu/H-i686-pc-linux-gnu/bin/../lib/gcc/nios2-elf/4.1.2/../../../../nios2-elf/lib/mno-hw-mul/libc.a(lib_a-mprec.o)
 .bss           0x00114e70        0x0 /opt/altera/13.0sp1/nios2eds/bin/gnu/H-i686-pc-linux-gnu/bin/../lib/gcc/nios2-elf/4.1.2/../../../../nios2-elf/lib/mno-hw-mul/libc.a(lib_a-reallocr.o)
 .bss           0x00114e70        0x0 /opt/altera/13.0sp1/nios2eds/bin/gnu/H-i686-pc-linux-gnu/bin/../lib/gcc/nios2-elf/4.1.2/../../../../nios2-elf/lib/mno-hw-mul/libc.a(lib_a-s_isinfd.o)
 .bss           0x00114e70        0x0 /opt/altera/13.0sp1/nios2eds/bin/gnu/H-i686-pc-linux-gnu/bin/../lib/gcc/nios2-elf/4.1.2/../../../../nios2-elf/lib/mno-hw-mul/libc.a(lib_a-s_isnand.o)
 .bss           0x00114e70        0x0 /opt/altera/13.0sp1/nios2eds/bin/gnu/H-i686-pc-linux-gnu/bin/../lib/gcc/nios2-elf/4.1.2/../../../../nios2-elf/lib/mno-hw-mul/libc.a(lib_a-sbrkr.o)
 .bss           0x00114e70        0x0 /opt/altera/13.0sp1/nios2eds/bin/gnu/H-i686-pc-linux-gnu/bin/../lib/gcc/nios2-elf/4.1.2/../../../../nios2-elf/lib/mno-hw-mul/libc.a(lib_a-stdio.o)
 .bss           0x00114e70        0x0 /opt/altera/13.0sp1/nios2eds/bin/gnu/H-i686-pc-linux-gnu/bin/../lib/gcc/nios2-elf/4.1.2/../../../../nios2-elf/lib/mno-hw-mul/libc.a(lib_a-strcmp.o)
 .bss           0x00114e70        0x0 /opt/altera/13.0sp1/nios2eds/bin/gnu/H-i686-pc-linux-gnu/bin/../lib/gcc/nios2-elf/4.1.2/../../../../nios2-elf/lib/mno-hw-mul/libc.a(lib_a-writer.o)
 .bss           0x00114e70        0x0 /opt/altera/13.0sp1/nios2eds/bin/gnu/H-i686-pc-linux-gnu/bin/../lib/gcc/nios2-elf/4.1.2/../../../../nios2-elf/lib/mno-hw-mul/libc.a(lib_a-callocr.o)
 .bss           0x00114e70        0x0 /opt/altera/13.0sp1/nios2eds/bin/gnu/H-i686-pc-linux-gnu/bin/../lib/gcc/nios2-elf/4.1.2/../../../../nios2-elf/lib/mno-hw-mul/libc.a(lib_a-closer.o)
 .bss           0x00114e70        0x0 /opt/altera/13.0sp1/nios2eds/bin/gnu/H-i686-pc-linux-gnu/bin/../lib/gcc/nios2-elf/4.1.2/../../../../nios2-elf/lib/mno-hw-mul/libc.a(lib_a-fclose.o)
 .bss           0x00114e70        0x0 /opt/altera/13.0sp1/nios2eds/bin/gnu/H-i686-pc-linux-gnu/bin/../lib/gcc/nios2-elf/4.1.2/../../../../nios2-elf/lib/mno-hw-mul/libc.a(lib_a-fstatr.o)
 .bss           0x00114e70        0x0 /opt/altera/13.0sp1/nios2eds/bin/gnu/H-i686-pc-linux-gnu/bin/../lib/gcc/nios2-elf/4.1.2/../../../../nios2-elf/lib/mno-hw-mul/libc.a(lib_a-int_errno.o)
 .bss           0x00114e70        0x0 /opt/altera/13.0sp1/nios2eds/bin/gnu/H-i686-pc-linux-gnu/bin/../lib/gcc/nios2-elf/4.1.2/../../../../nios2-elf/lib/mno-hw-mul/libc.a(lib_a-isattyr.o)
 .bss           0x00114e70        0x0 /opt/altera/13.0sp1/nios2eds/bin/gnu/H-i686-pc-linux-gnu/bin/../lib/gcc/nios2-elf/4.1.2/../../../../nios2-elf/lib/mno-hw-mul/libc.a(lib_a-lseekr.o)
 .bss           0x00114e70        0x0 /opt/altera/13.0sp1/nios2eds/bin/gnu/H-i686-pc-linux-gnu/bin/../lib/gcc/nios2-elf/4.1.2/../../../../nios2-elf/lib/mno-hw-mul/libc.a(lib_a-readr.o)
 .bss           0x00114e70        0x0 /opt/altera/13.0sp1/nios2eds/bin/gnu/H-i686-pc-linux-gnu/bin/../lib/gcc/nios2-elf/4.1.2/mno-hw-mul/libgcc.a(_udivdi3.o)
 .bss           0x00114e70        0x0 /opt/altera/13.0sp1/nios2eds/bin/gnu/H-i686-pc-linux-gnu/bin/../lib/gcc/nios2-elf/4.1.2/mno-hw-mul/libgcc.a(_umoddi3.o)
 .bss           0x00114e70        0x0 /opt/altera/13.0sp1/nios2eds/bin/gnu/H-i686-pc-linux-gnu/bin/../lib/gcc/nios2-elf/4.1.2/mno-hw-mul/libgcc.a(_addsub_df.o)
 .bss           0x00114e70        0x0 /opt/altera/13.0sp1/nios2eds/bin/gnu/H-i686-pc-linux-gnu/bin/../lib/gcc/nios2-elf/4.1.2/mno-hw-mul/libgcc.a(_mul_df.o)
 .bss           0x00114e70        0x0 /opt/altera/13.0sp1/nios2eds/bin/gnu/H-i686-pc-linux-gnu/bin/../lib/gcc/nios2-elf/4.1.2/mno-hw-mul/libgcc.a(_div_df.o)
 .bss           0x00114e70        0x0 /opt/altera/13.0sp1/nios2eds/bin/gnu/H-i686-pc-linux-gnu/bin/../lib/gcc/nios2-elf/4.1.2/mno-hw-mul/libgcc.a(_eq_df.o)
 .bss           0x00114e70        0x0 /opt/altera/13.0sp1/nios2eds/bin/gnu/H-i686-pc-linux-gnu/bin/../lib/gcc/nios2-elf/4.1.2/mno-hw-mul/libgcc.a(_ne_df.o)
 .bss           0x00114e70        0x0 /opt/altera/13.0sp1/nios2eds/bin/gnu/H-i686-pc-linux-gnu/bin/../lib/gcc/nios2-elf/4.1.2/mno-hw-mul/libgcc.a(_gt_df.o)
 .bss           0x00114e70        0x0 /opt/altera/13.0sp1/nios2eds/bin/gnu/H-i686-pc-linux-gnu/bin/../lib/gcc/nios2-elf/4.1.2/mno-hw-mul/libgcc.a(_ge_df.o)
 .bss           0x00114e70        0x0 /opt/altera/13.0sp1/nios2eds/bin/gnu/H-i686-pc-linux-gnu/bin/../lib/gcc/nios2-elf/4.1.2/mno-hw-mul/libgcc.a(_lt_df.o)
 .bss           0x00114e70        0x0 /opt/altera/13.0sp1/nios2eds/bin/gnu/H-i686-pc-linux-gnu/bin/../lib/gcc/nios2-elf/4.1.2/mno-hw-mul/libgcc.a(_si_to_df.o)
 .bss           0x00114e70        0x0 /opt/altera/13.0sp1/nios2eds/bin/gnu/H-i686-pc-linux-gnu/bin/../lib/gcc/nios2-elf/4.1.2/mno-hw-mul/libgcc.a(_df_to_si.o)
 .bss           0x00114e70        0x0 /opt/altera/13.0sp1/nios2eds/bin/gnu/H-i686-pc-linux-gnu/bin/../lib/gcc/nios2-elf/4.1.2/mno-hw-mul/libgcc.a(_thenan_df.o)
 .bss           0x00114e70        0x0 /opt/altera/13.0sp1/nios2eds/bin/gnu/H-i686-pc-linux-gnu/bin/../lib/gcc/nios2-elf/4.1.2/mno-hw-mul/libgcc.a(_usi_to_df.o)
 .bss           0x00114e70        0x0 /opt/altera/13.0sp1/nios2eds/bin/gnu/H-i686-pc-linux-gnu/bin/../lib/gcc/nios2-elf/4.1.2/mno-hw-mul/libgcc.a(lib2-divmod.o)
 .bss           0x00114e70        0x0 /opt/altera/13.0sp1/nios2eds/bin/gnu/H-i686-pc-linux-gnu/bin/../lib/gcc/nios2-elf/4.1.2/mno-hw-mul/libgcc.a(lib2-mul.o)
 .bss           0x00114e70        0x0 /opt/altera/13.0sp1/nios2eds/bin/gnu/H-i686-pc-linux-gnu/bin/../lib/gcc/nios2-elf/4.1.2/mno-hw-mul/libgcc.a(_muldi3.o)
 .bss           0x00114e70        0x0 /opt/altera/13.0sp1/nios2eds/bin/gnu/H-i686-pc-linux-gnu/bin/../lib/gcc/nios2-elf/4.1.2/mno-hw-mul/libgcc.a(_clz.o)
 .bss           0x00114e70        0x0 /opt/altera/13.0sp1/nios2eds/bin/gnu/H-i686-pc-linux-gnu/bin/../lib/gcc/nios2-elf/4.1.2/mno-hw-mul/libgcc.a(_clzsi2.o)
 .bss           0x00114e70        0x0 /opt/altera/13.0sp1/nios2eds/bin/gnu/H-i686-pc-linux-gnu/bin/../lib/gcc/nios2-elf/4.1.2/mno-hw-mul/libgcc.a(_pack_df.o)
 .bss           0x00114e70        0x0 /opt/altera/13.0sp1/nios2eds/bin/gnu/H-i686-pc-linux-gnu/bin/../lib/gcc/nios2-elf/4.1.2/mno-hw-mul/libgcc.a(_unpack_df.o)
 .bss           0x00114e70        0x0 /opt/altera/13.0sp1/nios2eds/bin/gnu/H-i686-pc-linux-gnu/bin/../lib/gcc/nios2-elf/4.1.2/mno-hw-mul/libgcc.a(_fpcmp_parts_df.o)
 .bss           0x00114e70        0x0 ../bsp//libucosii_bsp.a(alt_close.o)
 .bss           0x00114e70        0x0 ../bsp//libucosii_bsp.a(alt_dev.o)
 .bss           0x00114e70        0x0 ../bsp//libucosii_bsp.a(alt_errno.o)
 .bss           0x00114e70        0x0 ../bsp//libucosii_bsp.a(alt_fstat.o)
 .bss           0x00114e70        0x0 ../bsp//libucosii_bsp.a(alt_isatty.o)
 .bss           0x00114e70        0x0 ../bsp//libucosii_bsp.a(alt_load.o)
 .bss           0x00114e70        0x0 ../bsp//libucosii_bsp.a(alt_lseek.o)
 .bss           0x00114e70        0x0 ../bsp//libucosii_bsp.a(alt_main.o)
 .bss           0x00114e70        0x0 ../bsp//libucosii_bsp.a(alt_read.o)
 .bss           0x00114e70        0x0 ../bsp//libucosii_bsp.a(alt_release_fd.o)
 .bss           0x00114e70        0x0 ../bsp//libucosii_bsp.a(alt_sbrk.o)
 .bss           0x00114e70        0x0 ../bsp//libucosii_bsp.a(alt_write.o)
 .bss           0x00114e70        0x0 ../bsp//libucosii_bsp.a(alt_env_lock.o)
 .bss           0x00114e70        0x0 ../bsp//libucosii_bsp.a(alt_malloc_lock.o)
 .bss           0x00114e70        0x0 ../bsp//libucosii_bsp.a(os_core.o)
 .bss           0x00114e70        0x0 ../bsp//libucosii_bsp.a(os_dbg.o)
 .bss           0x00114e70        0x0 ../bsp//libucosii_bsp.a(os_flag.o)
 .bss           0x00114e70        0x0 ../bsp//libucosii_bsp.a(os_mem.o)
 .bss           0x00114e70        0x0 ../bsp//libucosii_bsp.a(os_q.o)
 .bss           0x00114e70        0x0 ../bsp//libucosii_bsp.a(os_sem.o)
 .bss           0x00114e70        0x0 ../bsp//libucosii_bsp.a(os_task.o)
 .bss           0x00114e70        0x0 ../bsp//libucosii_bsp.a(os_time.o)
 .bss           0x00114e70        0x0 ../bsp//libucosii_bsp.a(os_tmr.o)
 .bss           0x00114e70        0x0 ../bsp//libucosii_bsp.a(alt_sys_init.o)
 .bss           0x00114e70        0x0 ../bsp//libucosii_bsp.a(altera_avalon_jtag_uart_fd.o)
 .bss           0x00114e70        0x0 ../bsp//libucosii_bsp.a(altera_avalon_jtag_uart_init.o)
 .bss           0x00114e70        0x0 ../bsp//libucosii_bsp.a(altera_avalon_jtag_uart_ioctl.o)
 .bss           0x00114e70        0x0 ../bsp//libucosii_bsp.a(altera_avalon_jtag_uart_read.o)
 .bss           0x00114e70        0x0 ../bsp//libucosii_bsp.a(altera_avalon_jtag_uart_write.o)
 .bss           0x00114e70        0x0 ../bsp//libucosii_bsp.a(altera_avalon_timer_sc.o)
 .bss           0x00114e70        0x0 ../bsp//libucosii_bsp.a(altera_up_avalon_character_lcd.o)
 .bss           0x00114e70        0x0 ../bsp//libucosii_bsp.a(alt_alarm_start.o)
 .bss           0x00114e70        0x0 ../bsp//libucosii_bsp.a(alt_dcache_flush_all.o)
 .bss           0x00114e70        0x0 ../bsp//libucosii_bsp.a(alt_dev_llist_insert.o)
 .bss           0x00114e70        0x0 ../bsp//libucosii_bsp.a(alt_do_ctors.o)
 .bss           0x00114e70        0x0 ../bsp//libucosii_bsp.a(alt_do_dtors.o)
 .bss           0x00114e70        0x0 ../bsp//libucosii_bsp.a(alt_find_dev.o)
 .bss           0x00114e70        0x0 ../bsp//libucosii_bsp.a(alt_icache_flush_all.o)
 .bss           0x00114e70        0x0 ../bsp//libucosii_bsp.a(alt_iic.o)
 .bss           0x00114e70        0x0 ../bsp//libucosii_bsp.a(alt_iic_isr_register.o)
 .bss           0x00114e70        0x0 ../bsp//libucosii_bsp.a(alt_io_redirect.o)
 .bss           0x00114e70        0x0 ../bsp//libucosii_bsp.a(alt_irq_entry.o)
 .bss           0x00114e70        0x0 ../bsp//libucosii_bsp.a(alt_irq_handler.o)
 .bss           0x00114e70        0x0 ../bsp//libucosii_bsp.a(alt_irq_vars.o)
 .bss           0x00114e70        0x0 ../bsp//libucosii_bsp.a(alt_open.o)
 .bss           0x00114e70        0x0 ../bsp//libucosii_bsp.a(alt_tick.o)
 .bss           0x00114e70        0x0 ../bsp//libucosii_bsp.a(altera_nios2_qsys_irq.o)
 .bss           0x00114e70        0x0 ../bsp//libucosii_bsp.a(os_cpu_a.o)
 .bss           0x00114e70        0x0 ../bsp//libucosii_bsp.a(os_cpu_c.o)
 .bss           0x00114e70        0x0 ../bsp//libucosii_bsp.a(alt_exception_entry.o)
 .bss           0x00114e70        0x0 ../bsp//libucosii_bsp.a(alt_find_file.o)
 .bss           0x00114e70        0x0 ../bsp//libucosii_bsp.a(alt_get_fd.o)
 .bss           0x00114e70        0x0 /opt/altera/13.0sp1/nios2eds/bin/gnu/H-i686-pc-linux-gnu/bin/../lib/gcc/nios2-elf/4.1.2/../../../../nios2-elf/lib/mno-hw-mul/libc.a(lib_a-atexit.o)
 .bss           0x00114e70        0x0 /opt/altera/13.0sp1/nios2eds/bin/gnu/H-i686-pc-linux-gnu/bin/../lib/gcc/nios2-elf/4.1.2/../../../../nios2-elf/lib/mno-hw-mul/libc.a(lib_a-exit.o)
 .bss           0x00114e70        0x0 /opt/altera/13.0sp1/nios2eds/bin/gnu/H-i686-pc-linux-gnu/bin/../lib/gcc/nios2-elf/4.1.2/../../../../nios2-elf/lib/mno-hw-mul/libc.a(lib_a-memcmp.o)
 .bss           0x00114e70        0x0 /opt/altera/13.0sp1/nios2eds/bin/gnu/H-i686-pc-linux-gnu/bin/../lib/gcc/nios2-elf/4.1.2/../../../../nios2-elf/lib/mno-hw-mul/libc.a(lib_a-__atexit.o)
 .bss           0x00114e70        0x0 /opt/altera/13.0sp1/nios2eds/bin/gnu/H-i686-pc-linux-gnu/bin/../lib/gcc/nios2-elf/4.1.2/../../../../nios2-elf/lib/mno-hw-mul/libc.a(lib_a-__call_atexit.o)
 .bss           0x00114e70        0x0 /opt/altera/13.0sp1/nios2eds/bin/gnu/H-i686-pc-linux-gnu/bin/../lib/gcc/nios2-elf/4.1.2/mno-hw-mul/libgcc.a(_fixunsdfsi.o)
 .bss           0x00114e70        0x0 ../bsp//libucosii_bsp.a(alt_exit.o)
 *(COMMON)
 COMMON         0x00114e70     0x6000 obj/default/TwoTasks.o
                0x00114e70                task1_stk
                0x00116e70                stat_stk
                0x00118e70                task2_stk
 COMMON         0x0011ae70     0x3d74 ../bsp//libucosii_bsp.a(os_core.o)
                0x0011ae70                OSTmrWheelTbl
                0x0011ae80                OSFlagTbl
                0x0011b1f0                OSTmrTbl
                0x0011b530                OSMemTbl
                0x0011c160                OSTaskStatStk
                0x0011c960                OSQTbl
                0x0011cb40                OSTmrTaskStk
                0x0011d340                OSTaskIdleStk
                0x0011db40                OSEventTbl
                0x0011e680                OSTCBTbl
                0x0011eb90                OSTCBPrioTbl
 COMMON         0x0011ebe4      0x100 ../bsp//libucosii_bsp.a(alt_irq_handler.o)
                0x0011ebe4                alt_irq
 COMMON         0x0011ece4      0x190 /opt/altera/13.0sp1/nios2eds/bin/gnu/H-i686-pc-linux-gnu/bin/../lib/gcc/nios2-elf/4.1.2/../../../../nios2-elf/lib/mno-hw-mul/libc.a(lib_a-atexit.o)
                0x0011ece4                _atexit0
                0x0011ee74                . = ALIGN (0x4)
                0x0011ee74                __bss_end = ABSOLUTE (.)

.onchip_memory  0x00000000        0x0 load address 0x0011ee74
                0x00000000                PROVIDE (_alt_partition_onchip_memory_start, ABSOLUTE (.))
 *(.onchip_memory. onchip_memory.*)
                0x00000000                . = ALIGN (0x4)
                0x00000000                PROVIDE (_alt_partition_onchip_memory_end, ABSOLUTE (.))
                0x0011ee74                PROVIDE (_alt_partition_onchip_memory_load_addr, LOADADDR (.onchip_memory))

.sram           0x0011ee74        0x0
                0x0011ee74                PROVIDE (_alt_partition_sram_start, ABSOLUTE (.))
 *(.sram. sram.*)
                0x0011ee74                . = ALIGN (0x4)
                0x0011ee74                PROVIDE (_alt_partition_sram_end, ABSOLUTE (.))
                0x0011ee74                _end = ABSOLUTE (.)
                0x0011ee74                end = ABSOLUTE (.)
                0x0011ee74                __alt_stack_base = ABSOLUTE (.)
                0x0011ee74                PROVIDE (_alt_partition_sram_load_addr, LOADADDR (.sram))

.sdram          0x01000144        0x0 load address 0x0011ee74
                0x01000144                PROVIDE (_alt_partition_sdram_start, ABSOLUTE (.))
 *(.sdram. sdram.*)
                0x01000144                . = ALIGN (0x4)
                0x01000144                PROVIDE (_alt_partition_sdram_end, ABSOLUTE (.))
                0x0011ee74                PROVIDE (_alt_partition_sdram_load_addr, LOADADDR (.sdram))

.stab
 *(.stab)

.stabstr
 *(.stabstr)

.stab.excl
 *(.stab.excl)

.stab.exclstr
 *(.stab.exclstr)

.stab.index
 *(.stab.index)

.stab.indexstr
 *(.stab.indexstr)

.comment        0x00000000       0x26
 *(.comment)
 .comment       0x00000000       0x26 obj/default/TwoTasks.o
                                 0x27 (size before relaxing)
 .comment       0x00000000       0x27 /opt/altera/13.0sp1/nios2eds/bin/gnu/H-i686-pc-linux-gnu/bin/../lib/gcc/nios2-elf/4.1.2/../../../../nios2-elf/lib/mno-hw-mul/libc.a(lib_a-impure.o)
 .comment       0x00000000       0x27 /opt/altera/13.0sp1/nios2eds/bin/gnu/H-i686-pc-linux-gnu/bin/../lib/gcc/nios2-elf/4.1.2/../../../../nios2-elf/lib/mno-hw-mul/libc.a(lib_a-memcpy.o)
 .comment       0x00000000       0x27 /opt/altera/13.0sp1/nios2eds/bin/gnu/H-i686-pc-linux-gnu/bin/../lib/gcc/nios2-elf/4.1.2/../../../../nios2-elf/lib/mno-hw-mul/libc.a(lib_a-printf.o)
 .comment       0x00000000       0x27 /opt/altera/13.0sp1/nios2eds/bin/gnu/H-i686-pc-linux-gnu/bin/../lib/gcc/nios2-elf/4.1.2/../../../../nios2-elf/lib/mno-hw-mul/libc.a(lib_a-putc.o)
 .comment       0x00000000       0x27 /opt/altera/13.0sp1/nios2eds/bin/gnu/H-i686-pc-linux-gnu/bin/../lib/gcc/nios2-elf/4.1.2/../../../../nios2-elf/lib/mno-hw-mul/libc.a(lib_a-puts.o)
 .comment       0x00000000       0x27 /opt/altera/13.0sp1/nios2eds/bin/gnu/H-i686-pc-linux-gnu/bin/../lib/gcc/nios2-elf/4.1.2/../../../../nios2-elf/lib/mno-hw-mul/libc.a(lib_a-strlen.o)
 .comment       0x00000000       0x27 /opt/altera/13.0sp1/nios2eds/bin/gnu/H-i686-pc-linux-gnu/bin/../lib/gcc/nios2-elf/4.1.2/../../../../nios2-elf/lib/mno-hw-mul/libc.a(lib_a-vfprintf.o)
 .comment       0x00000000       0x27 /opt/altera/13.0sp1/nios2eds/bin/gnu/H-i686-pc-linux-gnu/bin/../lib/gcc/nios2-elf/4.1.2/../../../../nios2-elf/lib/mno-hw-mul/libc.a(lib_a-wbuf.o)
 .comment       0x00000000       0x27 /opt/altera/13.0sp1/nios2eds/bin/gnu/H-i686-pc-linux-gnu/bin/../lib/gcc/nios2-elf/4.1.2/../../../../nios2-elf/lib/mno-hw-mul/libc.a(lib_a-wsetup.o)
 .comment       0x00000000       0x27 /opt/altera/13.0sp1/nios2eds/bin/gnu/H-i686-pc-linux-gnu/bin/../lib/gcc/nios2-elf/4.1.2/../../../../nios2-elf/lib/mno-hw-mul/libc.a(lib_a-dtoa.o)
 .comment       0x00000000       0x27 /opt/altera/13.0sp1/nios2eds/bin/gnu/H-i686-pc-linux-gnu/bin/../lib/gcc/nios2-elf/4.1.2/../../../../nios2-elf/lib/mno-hw-mul/libc.a(lib_a-fflush.o)
 .comment       0x00000000       0x27 /opt/altera/13.0sp1/nios2eds/bin/gnu/H-i686-pc-linux-gnu/bin/../lib/gcc/nios2-elf/4.1.2/../../../../nios2-elf/lib/mno-hw-mul/libc.a(lib_a-findfp.o)
 .comment       0x00000000       0x27 /opt/altera/13.0sp1/nios2eds/bin/gnu/H-i686-pc-linux-gnu/bin/../lib/gcc/nios2-elf/4.1.2/../../../../nios2-elf/lib/mno-hw-mul/libc.a(lib_a-freer.o)
 .comment       0x00000000       0x27 /opt/altera/13.0sp1/nios2eds/bin/gnu/H-i686-pc-linux-gnu/bin/../lib/gcc/nios2-elf/4.1.2/../../../../nios2-elf/lib/mno-hw-mul/libc.a(lib_a-fvwrite.o)
 .comment       0x00000000       0x27 /opt/altera/13.0sp1/nios2eds/bin/gnu/H-i686-pc-linux-gnu/bin/../lib/gcc/nios2-elf/4.1.2/../../../../nios2-elf/lib/mno-hw-mul/libc.a(lib_a-fwalk.o)
 .comment       0x00000000       0x27 /opt/altera/13.0sp1/nios2eds/bin/gnu/H-i686-pc-linux-gnu/bin/../lib/gcc/nios2-elf/4.1.2/../../../../nios2-elf/lib/mno-hw-mul/libc.a(lib_a-locale.o)
 .comment       0x00000000       0x27 /opt/altera/13.0sp1/nios2eds/bin/gnu/H-i686-pc-linux-gnu/bin/../lib/gcc/nios2-elf/4.1.2/../../../../nios2-elf/lib/mno-hw-mul/libc.a(lib_a-makebuf.o)
 .comment       0x00000000       0x27 /opt/altera/13.0sp1/nios2eds/bin/gnu/H-i686-pc-linux-gnu/bin/../lib/gcc/nios2-elf/4.1.2/../../../../nios2-elf/lib/mno-hw-mul/libc.a(lib_a-mallocr.o)
 .comment       0x00000000       0x27 /opt/altera/13.0sp1/nios2eds/bin/gnu/H-i686-pc-linux-gnu/bin/../lib/gcc/nios2-elf/4.1.2/../../../../nios2-elf/lib/mno-hw-mul/libc.a(lib_a-memchr.o)
 .comment       0x00000000       0x27 /opt/altera/13.0sp1/nios2eds/bin/gnu/H-i686-pc-linux-gnu/bin/../lib/gcc/nios2-elf/4.1.2/../../../../nios2-elf/lib/mno-hw-mul/libc.a(lib_a-memmove.o)
 .comment       0x00000000       0x27 /opt/altera/13.0sp1/nios2eds/bin/gnu/H-i686-pc-linux-gnu/bin/../lib/gcc/nios2-elf/4.1.2/../../../../nios2-elf/lib/mno-hw-mul/libc.a(lib_a-memset.o)
 .comment       0x00000000       0x27 /opt/altera/13.0sp1/nios2eds/bin/gnu/H-i686-pc-linux-gnu/bin/../lib/gcc/nios2-elf/4.1.2/../../../../nios2-elf/lib/mno-hw-mul/libc.a(lib_a-mprec.o)
 .comment       0x00000000       0x27 /opt/altera/13.0sp1/nios2eds/bin/gnu/H-i686-pc-linux-gnu/bin/../lib/gcc/nios2-elf/4.1.2/../../../../nios2-elf/lib/mno-hw-mul/libc.a(lib_a-reallocr.o)
 .comment       0x00000000       0x27 /opt/altera/13.0sp1/nios2eds/bin/gnu/H-i686-pc-linux-gnu/bin/../lib/gcc/nios2-elf/4.1.2/../../../../nios2-elf/lib/mno-hw-mul/libc.a(lib_a-s_isinfd.o)
 .comment       0x00000000       0x27 /opt/altera/13.0sp1/nios2eds/bin/gnu/H-i686-pc-linux-gnu/bin/../lib/gcc/nios2-elf/4.1.2/../../../../nios2-elf/lib/mno-hw-mul/libc.a(lib_a-s_isnand.o)
 .comment       0x00000000       0x27 /opt/altera/13.0sp1/nios2eds/bin/gnu/H-i686-pc-linux-gnu/bin/../lib/gcc/nios2-elf/4.1.2/../../../../nios2-elf/lib/mno-hw-mul/libc.a(lib_a-sbrkr.o)
 .comment       0x00000000       0x27 /opt/altera/13.0sp1/nios2eds/bin/gnu/H-i686-pc-linux-gnu/bin/../lib/gcc/nios2-elf/4.1.2/../../../../nios2-elf/lib/mno-hw-mul/libc.a(lib_a-stdio.o)
 .comment       0x00000000       0x27 /opt/altera/13.0sp1/nios2eds/bin/gnu/H-i686-pc-linux-gnu/bin/../lib/gcc/nios2-elf/4.1.2/../../../../nios2-elf/lib/mno-hw-mul/libc.a(lib_a-strcmp.o)
 .comment       0x00000000       0x27 /opt/altera/13.0sp1/nios2eds/bin/gnu/H-i686-pc-linux-gnu/bin/../lib/gcc/nios2-elf/4.1.2/../../../../nios2-elf/lib/mno-hw-mul/libc.a(lib_a-writer.o)
 .comment       0x00000000       0x27 /opt/altera/13.0sp1/nios2eds/bin/gnu/H-i686-pc-linux-gnu/bin/../lib/gcc/nios2-elf/4.1.2/../../../../nios2-elf/lib/mno-hw-mul/libc.a(lib_a-callocr.o)
 .comment       0x00000000       0x27 /opt/altera/13.0sp1/nios2eds/bin/gnu/H-i686-pc-linux-gnu/bin/../lib/gcc/nios2-elf/4.1.2/../../../../nios2-elf/lib/mno-hw-mul/libc.a(lib_a-closer.o)
 .comment       0x00000000       0x27 /opt/altera/13.0sp1/nios2eds/bin/gnu/H-i686-pc-linux-gnu/bin/../lib/gcc/nios2-elf/4.1.2/../../../../nios2-elf/lib/mno-hw-mul/libc.a(lib_a-fclose.o)
 .comment       0x00000000       0x27 /opt/altera/13.0sp1/nios2eds/bin/gnu/H-i686-pc-linux-gnu/bin/../lib/gcc/nios2-elf/4.1.2/../../../../nios2-elf/lib/mno-hw-mul/libc.a(lib_a-fstatr.o)
 .comment       0x00000000       0x27 /opt/altera/13.0sp1/nios2eds/bin/gnu/H-i686-pc-linux-gnu/bin/../lib/gcc/nios2-elf/4.1.2/../../../../nios2-elf/lib/mno-hw-mul/libc.a(lib_a-int_errno.o)
 .comment       0x00000000       0x27 /opt/altera/13.0sp1/nios2eds/bin/gnu/H-i686-pc-linux-gnu/bin/../lib/gcc/nios2-elf/4.1.2/../../../../nios2-elf/lib/mno-hw-mul/libc.a(lib_a-isattyr.o)
 .comment       0x00000000       0x27 /opt/altera/13.0sp1/nios2eds/bin/gnu/H-i686-pc-linux-gnu/bin/../lib/gcc/nios2-elf/4.1.2/../../../../nios2-elf/lib/mno-hw-mul/libc.a(lib_a-lseekr.o)
 .comment       0x00000000       0x27 /opt/altera/13.0sp1/nios2eds/bin/gnu/H-i686-pc-linux-gnu/bin/../lib/gcc/nios2-elf/4.1.2/../../../../nios2-elf/lib/mno-hw-mul/libc.a(lib_a-readr.o)
 .comment       0x00000000       0x27 /opt/altera/13.0sp1/nios2eds/bin/gnu/H-i686-pc-linux-gnu/bin/../lib/gcc/nios2-elf/4.1.2/mno-hw-mul/libgcc.a(_udivdi3.o)
 .comment       0x00000000       0x27 /opt/altera/13.0sp1/nios2eds/bin/gnu/H-i686-pc-linux-gnu/bin/../lib/gcc/nios2-elf/4.1.2/mno-hw-mul/libgcc.a(_umoddi3.o)